Component: ARM Compiler 5.06 update 7 (build 960) Tool: armlink [4d3601]

==============================================================================

Section Cross References

    startup_stm32f411xe.o(RESET) refers to startup_stm32f411xe.o(STACK) for __initial_sp
    startup_stm32f411xe.o(RESET) refers to startup_stm32f411xe.o(.text) for Reset_Handler
    startup_stm32f411xe.o(RESET) refers to stm32f4xx_it.o(i.NMI_Handler) for NMI_Handler
    startup_stm32f411xe.o(RESET) refers to stm32f4xx_it.o(i.HardFault_Handler) for HardFault_Handler
    startup_stm32f411xe.o(RESET) refers to stm32f4xx_it.o(i.MemManage_Handler) for MemManage_Handler
    startup_stm32f411xe.o(RESET) refers to stm32f4xx_it.o(i.BusFault_Handler) for BusFault_Handler
    startup_stm32f411xe.o(RESET) refers to stm32f4xx_it.o(i.UsageFault_Handler) for UsageFault_Handler
    startup_stm32f411xe.o(RESET) refers to stm32f4xx_it.o(i.SVC_Handler) for SVC_Handler
    startup_stm32f411xe.o(RESET) refers to stm32f4xx_it.o(i.DebugMon_Handler) for DebugMon_Handler
    startup_stm32f411xe.o(RESET) refers to stm32f4xx_it.o(i.PendSV_Handler) for PendSV_Handler
    startup_stm32f411xe.o(RESET) refers to stm32f4xx_it.o(i.SysTick_Handler) for SysTick_Handler
    startup_stm32f411xe.o(RESET) refers to stm32f4xx_it.o(i.OTG_FS_IRQHandler) for OTG_FS_IRQHandler
    startup_stm32f411xe.o(.text) refers to system_stm32f4xx.o(i.SystemInit) for SystemInit
    startup_stm32f411xe.o(.text) refers to entry.o(.ARM.Collect$$$$00000000) for __main
    main.o(i.MX_GPIO_Init) refers to memseta.o(.text) for __aeabi_memclr4
    main.o(i.MX_GPIO_Init) refers to stm32f4xx_hal_gpio.o(i.HAL_GPIO_WritePin) for HAL_GPIO_WritePin
    main.o(i.MX_GPIO_Init) refers to stm32f4xx_hal_gpio.o(i.HAL_GPIO_Init) for HAL_GPIO_Init
    main.o(i.MX_SPI1_Init) refers to stm32f4xx_hal_spi.o(i.HAL_SPI_Init) for HAL_SPI_Init
    main.o(i.MX_SPI1_Init) refers to main.o(.bss) for .bss
    main.o(i.SystemClock_Config) refers to memseta.o(.text) for __aeabi_memclr4
    main.o(i.SystemClock_Config) refers to stm32f4xx_hal_rcc.o(i.HAL_RCC_OscConfig) for HAL_RCC_OscConfig
    main.o(i.SystemClock_Config) refers to stm32f4xx_hal_rcc.o(i.HAL_RCC_ClockConfig) for HAL_RCC_ClockConfig
    main.o(i.SystemClock_Config) refers to stm32f4xx_hal_rcc_ex.o(i.HAL_RCCEx_PeriphCLKConfig) for HAL_RCCEx_PeriphCLKConfig
    main.o(i.main) refers to stm32f4xx_hal.o(i.HAL_Init) for HAL_Init
    main.o(i.main) refers to main.o(i.SystemClock_Config) for SystemClock_Config
    main.o(i.main) refers to main.o(i.MX_GPIO_Init) for MX_GPIO_Init
    main.o(i.main) refers to stm32f4xx_hal_i2c.o(i.HAL_I2C_Init) for HAL_I2C_Init
    main.o(i.main) refers to stm32f4xx_hal_i2s.o(i.HAL_I2S_Init) for HAL_I2S_Init
    main.o(i.main) refers to main.o(i.MX_SPI1_Init) for MX_SPI1_Init
    main.o(i.main) refers to usb_host.o(i.MX_USB_HOST_Init) for MX_USB_HOST_Init
    main.o(i.main) refers to stm32f4xx_hal_spi.o(i.HAL_SPI_Init) for HAL_SPI_Init
    main.o(i.main) refers to usb_host.o(i.MX_USB_HOST_Process) for MX_USB_HOST_Process
    main.o(i.main) refers to stm32f4xx_hal_gpio.o(i.HAL_GPIO_WritePin) for HAL_GPIO_WritePin
    main.o(i.main) refers to stm32f4xx_hal_spi.o(i.HAL_SPI_Transmit) for HAL_SPI_Transmit
    main.o(i.main) refers to stm32f4xx_hal.o(i.HAL_Delay) for HAL_Delay
    main.o(i.main) refers to stm32f4xx_hal_gpio.o(i.HAL_GPIO_TogglePin) for HAL_GPIO_TogglePin
    main.o(i.main) refers to main.o(.bss) for .bss
    main.o(i.main) refers to main.o(.data) for .data
    stm32f4xx_it.o(i.OTG_FS_IRQHandler) refers to stm32f4xx_hal_hcd.o(i.HAL_HCD_IRQHandler) for HAL_HCD_IRQHandler
    stm32f4xx_it.o(i.OTG_FS_IRQHandler) refers to usbh_conf.o(.bss) for hhcd_USB_OTG_FS
    stm32f4xx_it.o(i.SysTick_Handler) refers to stm32f4xx_hal.o(i.HAL_IncTick) for HAL_IncTick
    stm32f4xx_hal_msp.o(i.HAL_I2C_MspDeInit) refers to stm32f4xx_hal_gpio.o(i.HAL_GPIO_DeInit) for HAL_GPIO_DeInit
    stm32f4xx_hal_msp.o(i.HAL_I2C_MspInit) refers to memseta.o(.text) for __aeabi_memclr4
    stm32f4xx_hal_msp.o(i.HAL_I2C_MspInit) refers to stm32f4xx_hal_gpio.o(i.HAL_GPIO_Init) for HAL_GPIO_Init
    stm32f4xx_hal_msp.o(i.HAL_I2S_MspDeInit) refers to stm32f4xx_hal_gpio.o(i.HAL_GPIO_DeInit) for HAL_GPIO_DeInit
    stm32f4xx_hal_msp.o(i.HAL_I2S_MspInit) refers to memseta.o(.text) for __aeabi_memclr4
    stm32f4xx_hal_msp.o(i.HAL_I2S_MspInit) refers to stm32f4xx_hal_gpio.o(i.HAL_GPIO_Init) for HAL_GPIO_Init
    stm32f4xx_hal_msp.o(i.HAL_MspInit) refers to stm32f4xx_hal_cortex.o(i.HAL_NVIC_SetPriorityGrouping) for HAL_NVIC_SetPriorityGrouping
    stm32f4xx_hal_msp.o(i.HAL_SPI_MspDeInit) refers to stm32f4xx_hal_gpio.o(i.HAL_GPIO_DeInit) for HAL_GPIO_DeInit
    stm32f4xx_hal_msp.o(i.HAL_SPI_MspInit) refers to memseta.o(.text) for __aeabi_memclr4
    stm32f4xx_hal_msp.o(i.HAL_SPI_MspInit) refers to stm32f4xx_hal_gpio.o(i.HAL_GPIO_Init) for HAL_GPIO_Init
    usb_host.o(i.MX_USB_HOST_Init) refers to usbh_core.o(i.USBH_Init) for USBH_Init
[...]
    Removing usbh_core.o(i.USBH_Stop), (36 bytes).
    Removing usbh_ctlreq.o(.rev16_text), (4 bytes).
    Removing usbh_ctlreq.o(.revsh_text), (4 bytes).
    Removing usbh_ctlreq.o(.rrx_text), (6 bytes).
    Removing usbh_ctlreq.o(i.USBH_SetInterface), (28 bytes).
    Removing usbh_ioreq.o(.rev16_text), (4 bytes).
    Removing usbh_ioreq.o(.revsh_text), (4 bytes).
    Removing usbh_ioreq.o(.rrx_text), (6 bytes).
    Removing usbh_ioreq.o(i.USBH_InterruptReceiveData), (32 bytes).
    Removing usbh_ioreq.o(i.USBH_InterruptSendData), (32 bytes).
    Removing usbh_ioreq.o(i.USBH_IsocReceiveData), (34 bytes).
    Removing usbh_ioreq.o(i.USBH_IsocSendData), (34 bytes).
    Removing usbh_pipes.o(.rev16_text), (4 bytes).
    Removing usbh_pipes.o(.revsh_text), (4 bytes).
    Removing usbh_pipes.o(.rrx_text), (6 bytes).
    Removing usbh_cdc.o(.rev16_text), (4 bytes).
    Removing usbh_cdc.o(.revsh_text), (4 bytes).
    Removing usbh_cdc.o(.rrx_text), (6 bytes).
    Removing usbh_cdc.o(i.USBH_CDC_GetLastReceivedDataSize), (28 bytes).
    Removing usbh_cdc.o(i.USBH_CDC_GetLineCoding), (34 bytes).
    Removing usbh_cdc.o(i.USBH_CDC_Receive), (40 bytes).
    Removing usbh_cdc.o(i.USBH_CDC_SetLineCoding), (24 bytes).
    Removing usbh_cdc.o(i.USBH_CDC_Stop), (50 bytes).
    Removing usbh_cdc.o(i.USBH_CDC_Transmit), (42 bytes).

463 unused section(s) (total 36054 bytes) removed from the image.

==============================================================================

Image Symbol Table

    Local Symbols

    Symbol Name                              Value     Ov Type        Size  Object(Section)

    ../Core/Src/main.c                       0x00000000   Number         0  main.o ABSOLUTE
    ../Core/Src/stm32f4xx_hal_msp.c          0x00000000   Number         0  stm32f4xx_hal_msp.o ABSOLUTE
    ../Core/Src/stm32f4xx_it.c               0x00000000   Number         0  stm32f4xx_it.o ABSOLUTE
    ../Core/Src/system_stm32f4xx.c           0x00000000   Number         0  system_stm32f4xx.o ABSOLUTE
    ../Drivers/STM32F4xx_HAL_Driver/Src/stm32f4xx_hal.c 0x00000000   Number         0  stm32f4xx_hal.o ABSOLUTE
    ../Drivers/STM32F4xx_HAL_Driver/Src/stm32f4xx_hal_cortex.c 0x00000000   Number         0  stm32f4xx_hal_cortex.o ABSOLUTE
    ../Drivers/STM32F4xx_HAL_Driver/Src/stm32f4xx_hal_dma.c 0x00000000   Number         0  stm32f4xx_hal_dma.o ABSOLUTE
    ../Drivers/STM32F4xx_HAL_Driver/Src/stm32f4xx_hal_dma_ex.c 0x00000000   Number         0  stm32f4xx_hal_dma_ex.o ABSOLUTE
    ../Drivers/STM32F4xx_HAL_Driver/Src/stm32f4xx_hal_exti.c 0x00000000   Number         0  stm32f4xx_hal_exti.o ABSOLUTE
    ../Drivers/STM32F4xx_HAL_Driver/Src/stm32f4xx_hal_flash.c 0x00000000   Number         0  stm32f4xx_hal_flash.o ABSOLUTE
    ../Drivers/STM32F4xx_HAL_Driver/Src/stm32f4xx_hal_flash_ex.c 0x00000000   Number         0  stm32f4xx_hal_flash_ex.o ABSOLUTE
    ../Drivers/STM32F4xx_HAL_Driver/Src/stm32f4xx_hal_flash_ramfunc.c 0x00000000   Number         0  stm32f4xx_hal_flash_ramfunc.o ABSOLUTE
    ../Drivers/STM32F4xx_HAL_Driver/Src/stm32f4xx_hal_gpio.c 0x00000000   Number         0  stm32f4xx_hal_gpio.o ABSOLUTE
    ../Drivers/STM32F4xx_HAL_Driver/Src/stm32f4xx_hal_hcd.c 0x00000000   Number         0  stm32f4xx_hal_hcd.o ABSOLUTE
    ../Drivers/STM32F4xx_HAL_Driver/Src/stm32f4xx_hal_i2c.c 0x00000000   Number         0  stm32f4xx_hal_i2c.o ABSOLUTE
    ../Drivers/STM32F4xx_HAL_Driver/Src/stm32f4xx_hal_i2c_ex.c 0x00000000   Number         0  stm32f4xx_hal_i2c_ex.o ABSOLUTE
    ../Drivers/STM32F4xx_HAL_Driver/Src/stm32f4xx_hal_i2s.c 0x00000000   Number         0  stm32f4xx_hal_i2s.o ABSOLUTE
    ../Drivers/STM32F4xx_HAL_Driver/Src/stm32f4xx_hal_i2s_ex.c 0x00000000   Number         0  stm32f4xx_hal_i2s_ex.o ABSOLUTE
    ../Drivers/STM32F4xx_HAL_Driver/Src/stm32f4xx_hal_pwr.c 0x00000000   Number         0  stm32f4xx_hal_pwr.o ABSOLUTE
    ../Drivers/STM32F4xx_HAL_Driver/Src/stm32f4xx_hal_pwr_ex.c 0x00000000   Number         0  stm32f4xx_hal_pwr_ex.o ABSOLUTE
    ../Drivers/STM32F4xx_HAL_Driver/Src/stm32f4xx_hal_rcc.c 0x00000000   Number         0  stm32f4xx_hal_rcc.o ABSOLUTE
    ../Drivers/STM32F4xx_HAL_Driver/Src/stm32f4xx_hal_rcc_ex.c 0x00000000   Number         0  stm32f4xx_hal_rcc_ex.o ABSOLUTE
    ../Drivers/STM32F4xx_HAL_Driver/Src/stm32f4xx_hal_spi.c 0x00000000   Number         0  stm32f4xx_hal_spi.o ABSOLUTE
    ../Drivers/STM32F4xx_HAL_Driver/Src/stm32f4xx_hal_tim.c 0x00000000   Number         0  stm32f4xx_hal_tim.o ABSOLUTE
    ../Drivers/STM32F4xx_HAL_Driver/Src/stm32f4xx_hal_tim_ex.c 0x00000000   Number         0  stm32f4xx_hal_tim_ex.o ABSOLUTE
    ../Drivers/STM32F4xx_HAL_Driver/Src/stm32f4xx_ll_usb.c 0x00000000   Number         0  stm32f4xx_ll_usb.o ABSOLUTE
    ../Middlewares/ST/STM32_USB_Host_Library/Class/CDC/Src/usbh_cdc.c 0x00000000   Number         0  usbh_cdc.o ABSOLUTE
    ../Middlewares/ST/STM32_USB_Host_Library/Core/Src/usbh_core.c 0x00000000   Number         0  usbh_core.o ABSOLUTE
    ../Middlewares/ST/STM32_USB_Host_Library/Core/Src/usbh_ctlreq.c 0x00000000   Number         0  usbh_ctlreq.o ABSOLUTE
    ../Middlewares/ST/STM32_USB_Host_Library/Core/Src/usbh_ioreq.c 0x00000000   Number         0  usbh_ioreq.o ABSOLUTE
    ../Middlewares/ST/STM32_USB_Host_Library/Core/Src/usbh_pipes.c 0x00000000   Number         0  usbh_pipes.o ABSOLUTE
    ../USB_HOST/App/usb_host.c               0x00000000   Number         0  usb_host.o ABSOLUTE
    ../USB_HOST/Target/usbh_conf.c           0x00000000   Number         0  usbh_conf.o ABSOLUTE
    ../USB_HOST/Target/usbh_platform.c       0x00000000   Number         0  usbh_platform.o ABSOLUTE
    ../clib/microlib/division.c              0x00000000   Number         0  uldiv.o ABSOLUTE
    ../clib/microlib/init/entry.s            0x00000000   Number         0  entry11a.o ABSOLUTE
    ../clib/microlib/init/entry.s            0x00000000   Number         0  entry10b.o ABSOLUTE
    ../clib/microlib/init/entry.s            0x00000000   Number         0  entry10a.o ABSOLUTE
    ../clib/microlib/init/entry.s            0x00000000   Number         0  entry9b.o ABSOLUTE
    ../clib/microlib/init/entry.s            0x00000000   Number         0  entry11b.o ABSOLUTE
    ../clib/microlib/init/entry.s            0x00000000   Number         0  entry9a.o ABSOLUTE
    ../clib/microlib/init/entry.s            0x00000000   Number         0  entry7b.o ABSOLUTE
    ../clib/microlib/init/entry.s            0x00000000   Number         0  entry7a.o ABSOLUTE
    ../clib/microlib/init/entry.s            0x00000000   Number         0  entry8b.o ABSOLUTE
    ../clib/microlib/init/entry.s            0x00000000   Number         0  entry12a.o ABSOLUTE
    ../clib/microlib/init/entry.s            0x00000000   Number         0  entry12b.o ABSOLUTE
    ../clib/microlib/init/entry.s            0x00000000   Number         0  entry8a.o ABSOLUTE
    ../clib/microlib/init/entry.s            0x00000000   Number         0  entry2.o ABSOLUTE
    ../clib/microlib/init/entry.s            0x00000000   Number         0  entry5.o ABSOLUTE
    ../clib/microlib/init/entry.s            0x00000000   Number         0  entry.o ABSOLUTE
    ../clib/microlib/longlong.c              0x00000000   Number         0  llushr.o ABSOLUTE
    ../clib/microlib/longlong.c              0x00000000   Number         0  llshl.o ABSOLUTE
    ../clib/microlib/malloc/malloc.c         0x00000000   Number         0  malloc.o ABSOLUTE
    ../clib/microlib/malloc/malloc.c         0x00000000   Number         0  mallocr.o ABSOLUTE
    ../clib/microlib/malloc/malloc.c         0x00000000   Number         0  malloca.o ABSOLUTE
    ../clib/microlib/malloc/malloc.c         0x00000000   Number         0  mallocra.o ABSOLUTE
    ../clib/microlib/malloc/mvars.c          0x00000000   Number         0  mvars.o ABSOLUTE
    ../clib/microlib/string/memcpy.c         0x00000000   Number         0  memcpyb.o ABSOLUTE
    ../clib/microlib/string/memcpy.c         0x00000000   Number         0  memcpya.o ABSOLUTE
    ../clib/microlib/string/memset.c         0x00000000   Number         0  memseta.o ABSOLUTE
    ..\Core\Src\main.c                       0x00000000   Number         0  main.o ABSOLUTE
    ..\Core\Src\stm32f4xx_hal_msp.c          0x00000000   Number         0  stm32f4xx_hal_msp.o ABSOLUTE
    ..\Core\Src\stm32f4xx_it.c               0x00000000   Number         0  stm32f4xx_it.o ABSOLUTE
    ..\Core\Src\system_stm32f4xx.c           0x00000000   Number         0  system_stm32f4xx.o ABSOLUTE
    ..\Drivers\STM32F4xx_HAL_Driver\Src\stm32f4xx_hal.c 0x00000000   Number         0  stm32f4xx_hal.o ABSOLUTE
    ..\Drivers\STM32F4xx_HAL_Driver\Src\stm32f4xx_hal_cortex.c 0x00000000   Number         0  stm32f4xx_hal_cortex.o ABSOLUTE
    ..\Drivers\STM32F4xx_HAL_Driver\Src\stm32f4xx_hal_dma.c 0x00000000   Number         0  stm32f4xx_hal_dma.o ABSOLUTE
    ..\Drivers\STM32F4xx_HAL_Driver\Src\stm32f4xx_hal_dma_ex.c 0x00000000   Number         0  stm32f4xx_hal_dma_ex.o ABSOLUTE
    ..\Drivers\STM32F4xx_HAL_Driver\Src\stm32f4xx_hal_exti.c 0x00000000   Number         0  stm32f4xx_hal_exti.o ABSOLUTE
    ..\Drivers\STM32F4xx_HAL_Driver\Src\stm32f4xx_hal_flash.c 0x00000000   Number         0  stm32f4xx_hal_flash.o ABSOLUTE
    ..\Drivers\STM32F4xx_HAL_Driver\Src\stm32f4xx_hal_flash_ex.c 0x00000000   Number         0  stm32f4xx_hal_flash_ex.o ABSOLUTE
    ..\Drivers\STM32F4xx_HAL_Driver\Src\stm32f4xx_hal_flash_ramfunc.c 0x00000000   Number         0  stm32f4xx_hal_flash_ramfunc.o ABSOLUTE
    ..\Drivers\STM32F4xx_HAL_Driver\Src\stm32f4xx_hal_gpio.c 0x00000000   Number         0  stm32f4xx_hal_gpio.o ABSOLUTE
    ..\Drivers\STM32F4xx_HAL_Driver\Src\stm32f4xx_hal_hcd.c 0x00000000   Number         0  stm32f4xx_hal_hcd.o ABSOLUTE
    ..\Drivers\STM32F4xx_HAL_Driver\Src\stm32f4xx_hal_i2c.c 0x00000000   Number         0  stm32f4xx_hal_i2c.o ABSOLUTE
    ..\Drivers\STM32F4xx_HAL_Driver\Src\stm32f4xx_hal_i2c_ex.c 0x00000000   Number         0  stm32f4xx_hal_i2c_ex.o ABSOLUTE
    ..\Drivers\STM32F4xx_HAL_Driver\Src\stm32f4xx_hal_i2s.c 0x00000000   Number         0  stm32f4xx_hal_i2s.o ABSOLUTE
    ..\Drivers\STM32F4xx_HAL_Driver\Src\stm32f4xx_hal_i2s_ex.c 0x00000000   Number         0  stm32f4xx_hal_i2s_ex.o ABSOLUTE
    ..\Drivers\STM32F4xx_HAL_Driver\Src\stm32f4xx_hal_pwr.c 0x00000000   Number         0  stm32f4xx_hal_pwr.o ABSOLUTE
    ..\Drivers\STM32F4xx_HAL_Driver\Src\stm32f4xx_hal_pwr_ex.c 0x00000000   Number         0  stm32f4xx_hal_pwr_ex.o ABSOLUTE
    ..\Drivers\STM32F4xx_HAL_Driver\Src\stm32f4xx_hal_rcc.c 0x00000000   Number         0  stm32f4xx_hal_rcc.o ABSOLUTE
    ..\Drivers\STM32F4xx_HAL_Driver\Src\stm32f4xx_hal_rcc_ex.c 0x00000000   Number         0  stm32f4xx_hal_rcc_ex.o ABSOLUTE
    ..\Drivers\STM32F4xx_HAL_Driver\Src\stm32f4xx_hal_spi.c 0x00000000   Number         0  stm32f4xx_hal_spi.o ABSOLUTE
    ..\Drivers\STM32F4xx_HAL_Driver\Src\stm32f4xx_hal_tim.c 0x00000000   Number         0  stm32f4xx_hal_tim.o ABSOLUTE
    ..\Drivers\STM32F4xx_HAL_Driver\Src\stm32f4xx_hal_tim_ex.c 0x00000000   Number         0  stm32f4xx_hal_tim_ex.o ABSOLUTE
    ..\Drivers\STM32F4xx_HAL_Driver\Src\stm32f4xx_ll_usb.c 0x00000000   Number         0  stm32f4xx_ll_usb.o ABSOLUTE
    ..\Middlewares\ST\STM32_USB_Host_Library\Class\CDC\Src\usbh_cdc.c 0x00000000   Number         0  usbh_cdc.o ABSOLUTE
    ..\Middlewares\ST\STM32_USB_Host_Library\Core\Src\usbh_core.c 0x00000000   Number         0  usbh_core.o ABSOLUTE
    ..\Middlewares\ST\STM32_USB_Host_Library\Core\Src\usbh_ctlreq.c 0x00000000   Number         0  usbh_ctlreq.o ABSOLUTE
    ..\Middlewares\ST\STM32_USB_Host_Library\Core\Src\usbh_ioreq.c 0x00000000   Number         0  usbh_ioreq.o ABSOLUTE
    ..\Middlewares\ST\STM32_USB_Host_Library\Core\Src\usbh_pipes.c 0x00000000   Number         0  usbh_pipes.o ABSOLUTE
    ..\USB_HOST\App\usb_host.c               0x00000000   Number         0  usb_host.o ABSOLUTE
    ..\USB_HOST\Target\usbh_conf.c           0x00000000   Number         0  usbh_conf.o ABSOLUTE
    ..\USB_HOST\Target\usbh_platform.c       0x00000000   Number         0  usbh_platform.o ABSOLUTE
    dc.s                                     0x00000000   Number         0  dc.o ABSOLUTE
    handlers.s                               0x00000000   Number         0  handlers.o ABSOLUTE
    init.s                                   0x00000000   Number         0  init.o ABSOLUTE
    startup_stm32f411xe.s                    0x00000000   Number         0  startup_stm32f411xe.o ABSOLUTE
    RESET                                    0x08000000   Section      408  startup_stm32f411xe.o(RESET)
    .ARM.Collect$$$$00000000                 0x08000198   Section        0  entry.o(.ARM.Collect$$$$00000000)
    .ARM.Collect$$$$00000001                 0x08000198   Section        4  entry2.o(.ARM.Collect$$$$00000001)
    .ARM.Collect$$$$00000004                 0x0800019c   Section        4  entry5.o(.ARM.Collect$$$$00000004)
    .ARM.Collect$$$$00000008                 0x080001a0   Section        0  entry7b.o(.ARM.Collect$$$$00000008)
    .ARM.Collect$$$$0000000A                 0x080001a0   Section        0  entry8b.o(.ARM.Collect$$$$0000000A)
    .ARM.Collect$$$$0000000B                 0x080001a0   Section        8  entry9a.o(.ARM.Collect$$$$0000000B)
    .ARM.Collect$$$$0000000E                 0x080001a8   Section        4  entry12b.o(.ARM.Collect$$$$0000000E)
    .ARM.Collect$$$$0000000F                 0x080001ac   Section        0  entry10a.o(.ARM.Collect$$$$0000000F)
    .ARM.Collect$$$$00000011                 0x080001ac   Section        0  entry11a.o(.ARM.Collect$$$$00000011)
    .ARM.Collect$$$$00002712                 0x080001ac   Section        4  entry2.o(.ARM.Collect$$$$00002712)
    __lit__00000000                          0x080001ac   Data           4  entry2.o(.ARM.Collect$$$$00002712)
    .text                                    0x080001b0   Section       36  startup_stm32f411xe.o(.text)
    $v0                                      0x080001b0   Number         0  startup_stm32f411xe.o(.text)
    .text                                    0x080001d4   Section        0  uldiv.o(.text)
    .text                                    0x08000236   Section        0  memcpya.o(.text)
    .text                                    0x0800025a   Section        0  memseta.o(.text)
    .text                                    0x0800027e   Section        0  llshl.o(.text)
    .text                                    0x0800029c   Section        0  llushr.o(.text)
    .text                                    0x080002bc   Section       36  init.o(.text)
    i.BusFault_Handler                       0x080002e0   Section        0  stm32f4xx_it.o(i.BusFault_Handler)
    i.CDC_ProcessReception                   0x080002e4   Section        0  usbh_cdc.o(i.CDC_ProcessReception)
    CDC_ProcessReception                     0x080002e5   Thumb Code   104  usbh_cdc.o(i.CDC_ProcessReception)
    i.CDC_ProcessTransmission                0x0800034c   Section        0  usbh_cdc.o(i.CDC_ProcessTransmission)
    CDC_ProcessTransmission                  0x0800034d   Thumb Code   114  usbh_cdc.o(i.CDC_ProcessTransmission)
    i.DeInitStateMachine                     0x080003c0   Section        0  usbh_core.o(i.DeInitStateMachine)
    DeInitStateMachine                       0x080003c1   Thumb Code    80  usbh_core.o(i.DeInitStateMachine)
    i.DebugMon_Handler                       0x08000410   Section        0  stm32f4xx_it.o(i.DebugMon_Handler)
    i.Error_Handler                          0x08000412   Section        0  main.o(i.Error_Handler)
    i.GetLineCoding                          0x08000416   Section        0  usbh_cdc.o(i.GetLineCoding)
    GetLineCoding                            0x08000417   Thumb Code    22  usbh_cdc.o(i.GetLineCoding)
    i.HAL_Delay                              0x0800042c   Section        0  stm32f4xx_hal.o(i.HAL_Delay)
    i.HAL_GPIO_Init                          0x08000450   Section        0  stm32f4xx_hal_gpio.o(i.HAL_GPIO_Init)
    i.HAL_GPIO_TogglePin                     0x080005e4   Section        0  stm32f4xx_hal_gpio.o(i.HAL_GPIO_TogglePin)
    i.HAL_GPIO_WritePin                      0x080005f2   Section        0  stm32f4xx_hal_gpio.o(i.HAL_GPIO_WritePin)
    i.HAL_GetTick                            0x080005fc   Section        0  stm32f4xx_hal.o(i.HAL_GetTick)
    i.HAL_HCD_Connect_Callback               0x08000608   Section        0  usbh_conf.o(i.HAL_HCD_Connect_Callback)
    i.HAL_HCD_Disconnect_Callback            0x08000610   Section        0  usbh_conf.o(i.HAL_HCD_Disconnect_Callback)
    i.HAL_HCD_GetCurrentFrame                0x08000618   Section        0  stm32f4xx_hal_hcd.o(i.HAL_HCD_GetCurrentFrame)
    i.HAL_HCD_GetCurrentSpeed                0x0800061e   Section        0  stm32f4xx_hal_hcd.o(i.HAL_HCD_GetCurrentSpeed)
    i.HAL_HCD_HC_GetURBState                 0x08000624   Section        0  stm32f4xx_hal_hcd.o(i.HAL_HCD_HC_GetURBState)
    i.HAL_HCD_HC_GetXferCount                0x08000632   Section        0  stm32f4xx_hal_hcd.o(i.HAL_HCD_HC_GetXferCount)
    i.HAL_HCD_HC_Halt                        0x0800063e   Section        0  stm32f4xx_hal_hcd.o(i.HAL_HCD_HC_Halt)
    i.HAL_HCD_HC_Init                        0x08000662   Section        0  stm32f4xx_hal_hcd.o(i.HAL_HCD_HC_Init)
    i.HAL_HCD_HC_NotifyURBChange_Callback    0x080006d4   Section        0  usbh_conf.o(i.HAL_HCD_HC_NotifyURBChange_Callback)
    i.HAL_HCD_HC_SubmitRequest               0x080006d6   Section        0  stm32f4xx_hal_hcd.o(i.HAL_HCD_HC_SubmitRequest)
    i.HAL_HCD_IRQHandler                     0x0800076c   Section        0  stm32f4xx_hal_hcd.o(i.HAL_HCD_IRQHandler)
    i.HAL_HCD_Init                           0x0800089c   Section        0  stm32f4xx_hal_hcd.o(i.HAL_HCD_Init)
    i.HAL_HCD_MspInit                        0x08000910   Section        0  usbh_conf.o(i.HAL_HCD_MspInit)
    i.HAL_HCD_PortDisabled_Callback          0x080009a8   Section        0  usbh_conf.o(i.HAL_HCD_PortDisabled_Callback)
    i.HAL_HCD_PortEnabled_Callback           0x080009b0   Section        0  usbh_conf.o(i.HAL_HCD_PortEnabled_Callback)
    i.HAL_HCD_ResetPort                      0x080009b8   Section        0  stm32f4xx_hal_hcd.o(i.HAL_HCD_ResetPort)
    i.HAL_HCD_SOF_Callback                   0x080009be   Section        0  usbh_conf.o(i.HAL_HCD_SOF_Callback)
    i.HAL_HCD_Start                          0x080009c6   Section        0  stm32f4xx_hal_hcd.o(i.HAL_HCD_Start)
    i.HAL_HCD_Stop                           0x080009f2   Section        0  stm32f4xx_hal_hcd.o(i.HAL_HCD_Stop)
    i.HAL_I2C_Init                           0x08000a18   Section        0  stm32f4xx_hal_i2c.o(i.HAL_I2C_Init)
    i.HAL_I2C_MspInit                        0x08000ba0   Section        0  stm32f4xx_hal_msp.o(i.HAL_I2C_MspInit)
    i.HAL_I2SEx_FullDuplex_IRQHandler        0x08000c0c   Section        0  stm32f4xx_hal_i2s_ex.o(i.HAL_I2SEx_FullDuplex_IRQHandler)
    i.HAL_I2SEx_TxRxCpltCallback             0x08000e00   Section        0  stm32f4xx_hal_i2s_ex.o(i.HAL_I2SEx_TxRxCpltCallback)
    i.HAL_I2S_ErrorCallback                  0x08000e02   Section        0  stm32f4xx_hal_i2s.o(i.HAL_I2S_ErrorCallback)
    i.HAL_I2S_Init                           0x08000e04   Section        0  stm32f4xx_hal_i2s.o(i.HAL_I2S_Init)
    i.HAL_I2S_MspInit                        0x08000f78   Section        0  stm32f4xx_hal_msp.o(i.HAL_I2S_MspInit)
    i.HAL_I2S_RxCpltCallback                 0x08001080   Section        0  stm32f4xx_hal_i2s.o(i.HAL_I2S_RxCpltCallback)
    i.HAL_I2S_TxCpltCallback                 0x08001082   Section        0  stm32f4xx_hal_i2s.o(i.HAL_I2S_TxCpltCallback)
    i.HAL_IncTick                            0x08001084   Section        0  stm32f4xx_hal.o(i.HAL_IncTick)
    i.HAL_Init                               0x08001094   Section        0  stm32f4xx_hal.o(i.HAL_Init)
    i.HAL_InitTick                           0x080010c8   Section        0  stm32f4xx_hal.o(i.HAL_InitTick)
    i.HAL_MspInit                            0x08001108   Section        0  stm32f4xx_hal_msp.o(i.HAL_MspInit)
    i.HAL_NVIC_EnableIRQ                     0x0800113c   Section        0  stm32f4xx_hal_cortex.o(i.HAL_NVIC_EnableIRQ)
    i.HAL_NVIC_SetPriority                   0x08001158   Section        0  stm32f4xx_hal_cortex.o(i.HAL_NVIC_SetPriority)
    i.HAL_NVIC_SetPriorityGrouping           0x08001198   Section        0  stm32f4xx_hal_cortex.o(i.HAL_NVIC_SetPriorityGrouping)
    i.HAL_RCCEx_GetPeriphCLKFreq             0x080011bc   Section        0  stm32f4xx_hal_rcc_ex.o(i.HAL_RCCEx_GetPeriphCLKFreq)
    i.HAL_RCCEx_PeriphCLKConfig              0x0800121c   Section        0  stm32f4xx_hal_rcc_ex.o(i.HAL_RCCEx_PeriphCLKConfig)
    i.HAL_RCC_ClockConfig                    0x08001370   Section        0  stm32f4xx_hal_rcc.o(i.HAL_RCC_ClockConfig)
    i.HAL_RCC_GetPCLK1Freq                   0x080014a4   Section        0  stm32f4xx_hal_rcc.o(i.HAL_RCC_GetPCLK1Freq)
    i.HAL_RCC_GetSysClockFreq                0x080014c4   Section        0  stm32f4xx_hal_rcc.o(i.HAL_RCC_GetSysClockFreq)
    i.HAL_RCC_OscConfig                      0x08001524   Section        0  stm32f4xx_hal_rcc.o(i.HAL_RCC_OscConfig)
    i.HAL_SPI_Init                           0x08001880   Section        0  stm32f4xx_hal_spi.o(i.HAL_SPI_Init)
    i.HAL_SPI_MspInit                        0x08001900   Section        0  stm32f4xx_hal_msp.o(i.HAL_SPI_MspInit)
    i.HAL_SPI_Transmit                       0x0800196c   Section        0  stm32f4xx_hal_spi.o(i.HAL_SPI_Transmit)
    i.HAL_SYSTICK_Config                     0x08001ac8   Section        0  stm32f4xx_hal_cortex.o(i.HAL_SYSTICK_Config)
    i.HCD_HC_IN_IRQHandler                   0x08001af0   Section        0  stm32f4xx_hal_hcd.o(i.HCD_HC_IN_IRQHandler)
    HCD_HC_IN_IRQHandler                     0x08001af1   Thumb Code   632  stm32f4xx_hal_hcd.o(i.HCD_HC_IN_IRQHandler)
    i.HCD_HC_OUT_IRQHandler                  0x08001d68   Section        0  stm32f4xx_hal_hcd.o(i.HCD_HC_OUT_IRQHandler)
    HCD_HC_OUT_IRQHandler                    0x08001d69   Thumb Code   580  stm32f4xx_hal_hcd.o(i.HCD_HC_OUT_IRQHandler)
    i.HCD_Port_IRQHandler                    0x08001fac   Section        0  stm32f4xx_hal_hcd.o(i.HCD_Port_IRQHandler)
    HCD_Port_IRQHandler                      0x08001fad   Thumb Code   148  stm32f4xx_hal_hcd.o(i.HCD_Port_IRQHandler)
    i.HCD_RXQLVL_IRQHandler                  0x08002040   Section        0  stm32f4xx_hal_hcd.o(i.HCD_RXQLVL_IRQHandler)
    HCD_RXQLVL_IRQHandler                    0x08002041   Thumb Code   108  stm32f4xx_hal_hcd.o(i.HCD_RXQLVL_IRQHandler)
    i.HardFault_Handler                      0x080020b0   Section        0  stm32f4xx_it.o(i.HardFault_Handler)
    i.I2SEx_RxISR_I2SExt                     0x080020b4   Section        0  stm32f4xx_hal_i2s_ex.o(i.I2SEx_RxISR_I2SExt)
    I2SEx_RxISR_I2SExt                       0x080020b5   Thumb Code    88  stm32f4xx_hal_i2s_ex.o(i.I2SEx_RxISR_I2SExt)
    i.I2SEx_TxISR_I2SExt                     0x08002114   Section        0  stm32f4xx_hal_i2s_ex.o(i.I2SEx_TxISR_I2SExt)
    I2SEx_TxISR_I2SExt                       0x08002115   Thumb Code    88  stm32f4xx_hal_i2s_ex.o(i.I2SEx_TxISR_I2SExt)
    i.I2S_IRQHandler                         0x08002174   Section        0  stm32f4xx_hal_i2s.o(i.I2S_IRQHandler)
    I2S_IRQHandler                           0x08002175   Thumb Code   242  stm32f4xx_hal_i2s.o(i.I2S_IRQHandler)
    i.MX_DriverVbusFS                        0x08002268   Section        0  usbh_platform.o(i.MX_DriverVbusFS)
    i.MX_GPIO_Init                           0x0800227c   Section        0  main.o(i.MX_GPIO_Init)
    MX_GPIO_Init                             0x0800227d   Thumb Code   282  main.o(i.MX_GPIO_Init)
    i.MX_SPI1_Init                           0x080023b0   Section        0  main.o(i.MX_SPI1_Init)
    MX_SPI1_Init                             0x080023b1   Thumb Code    58  main.o(i.MX_SPI1_Init)
    i.MX_USB_HOST_Init                       0x080023f4   Section        0  usb_host.o(i.MX_USB_HOST_Init)
    i.MX_USB_HOST_Process                    0x08002434   Section        0  usb_host.o(i.MX_USB_HOST_Process)
    i.MemManage_Handler                      0x08002440   Section        0  stm32f4xx_it.o(i.MemManage_Handler)
    i.NMI_Handler                            0x08002442   Section        0  stm32f4xx_it.o(i.NMI_Handler)
    i.OTG_FS_IRQHandler                      0x08002444   Section        0  stm32f4xx_it.o(i.OTG_FS_IRQHandler)
    i.PendSV_Handler                         0x08002450   Section        0  stm32f4xx_it.o(i.PendSV_Handler)
    i.SPI_EndRxTxTransaction                 0x08002454   Section        0  stm32f4xx_hal_spi.o(i.SPI_EndRxTxTransaction)
    SPI_EndRxTxTransaction                   0x08002455   Thumb Code    80  stm32f4xx_hal_spi.o(i.SPI_EndRxTxTransaction)
    i.SPI_WaitFlagStateUntilTimeout          0x080024ac   Section        0  stm32f4xx_hal_spi.o(i.SPI_WaitFlagStateUntilTimeout)
    SPI_WaitFlagStateUntilTimeout            0x080024ad   Thumb Code   148  stm32f4xx_hal_spi.o(i.SPI_WaitFlagStateUntilTimeout)
    i.SVC_Handler                            0x08002540   Section        0  stm32f4xx_it.o(i.SVC_Handler)
    i.SysTick_Handler                        0x08002542   Section        0  stm32f4xx_it.o(i.SysTick_Handler)
    i.SystemClock_Config                     0x08002548   Section        0  main.o(i.SystemClock_Config)
    i.SystemInit                             0x080025f8   Section        0  system_stm32f4xx.o(i.SystemInit)
    i.USBH_AllocPipe                         0x08002614   Section        0  usbh_pipes.o(i.USBH_AllocPipe)
    i.USBH_BulkReceiveData                   0x0800264c   Section        0  usbh_ioreq.o(i.USBH_BulkReceiveData)
    i.USBH_BulkSendData                      0x0800266c   Section        0  usbh_ioreq.o(i.USBH_BulkSendData)
    i.USBH_CDC_ClassRequest                  0x08002694   Section        0  usbh_cdc.o(i.USBH_CDC_ClassRequest)
    USBH_CDC_ClassRequest                    0x08002695   Thumb Code    36  usbh_cdc.o(i.USBH_CDC_ClassRequest)
    i.USBH_CDC_InterfaceDeInit               0x080026b8   Section        0  usbh_cdc.o(i.USBH_CDC_InterfaceDeInit)
    USBH_CDC_InterfaceDeInit                 0x080026b9   Thumb Code    94  usbh_cdc.o(i.USBH_CDC_InterfaceDeInit)
    i.USBH_CDC_InterfaceInit                 0x08002716   Section        0  usbh_cdc.o(i.USBH_CDC_InterfaceInit)
    USBH_CDC_InterfaceInit                   0x08002717   Thumb Code   324  usbh_cdc.o(i.USBH_CDC_InterfaceInit)
    i.USBH_CDC_LineCodingChanged             0x0800285a   Section        0  usbh_cdc.o(i.USBH_CDC_LineCodingChanged)
    i.USBH_CDC_Process                       0x0800285c   Section        0  usbh_cdc.o(i.USBH_CDC_Process)
    USBH_CDC_Process                         0x0800285d   Thumb Code   184  usbh_cdc.o(i.USBH_CDC_Process)
    i.USBH_CDC_ReceiveCallback               0x08002914   Section        0  usbh_cdc.o(i.USBH_CDC_ReceiveCallback)
    i.USBH_CDC_SOFProcess                    0x08002916   Section        0  usbh_cdc.o(i.USBH_CDC_SOFProcess)
    USBH_CDC_SOFProcess                      0x08002917   Thumb Code     4  usbh_cdc.o(i.USBH_CDC_SOFProcess)
    i.USBH_CDC_TransmitCallback              0x0800291a   Section        0  usbh_cdc.o(i.USBH_CDC_TransmitCallback)
    i.USBH_ClosePipe                         0x0800291c   Section        0  usbh_pipes.o(i.USBH_ClosePipe)
    i.USBH_ClrFeature                        0x08002926   Section        0  usbh_ctlreq.o(i.USBH_ClrFeature)
    i.USBH_CtlReceiveData                    0x08002944   Section        0  usbh_ioreq.o(i.USBH_CtlReceiveData)
    i.USBH_CtlReq                            0x08002962   Section        0  usbh_ctlreq.o(i.USBH_CtlReq)
    i.USBH_CtlSendData                       0x0800299c   Section        0  usbh_ioreq.o(i.USBH_CtlSendData)
    i.USBH_CtlSendSetup                      0x080029c4   Section        0  usbh_ioreq.o(i.USBH_CtlSendSetup)
    i.USBH_Delay                             0x080029e2   Section        0  usbh_conf.o(i.USBH_Delay)
    i.USBH_FindInterface                     0x080029e8   Section        0  usbh_core.o(i.USBH_FindInterface)
    i.USBH_FreePipe                          0x08002a2c   Section        0  usbh_pipes.o(i.USBH_FreePipe)
    i.USBH_GetDescriptor                     0x08002a44   Section        0  usbh_ctlreq.o(i.USBH_GetDescriptor)
    i.USBH_GetNextDesc                       0x08002a78   Section        0  usbh_ctlreq.o(i.USBH_GetNextDesc)
    i.USBH_Get_CfgDesc                       0x08002a86   Section        0  usbh_ctlreq.o(i.USBH_Get_CfgDesc)
    i.USBH_Get_DevDesc                       0x08002ab2   Section        0  usbh_ctlreq.o(i.USBH_Get_DevDesc)
    i.USBH_Get_StringDesc                    0x08002b42   Section        0  usbh_ctlreq.o(i.USBH_Get_StringDesc)
    i.USBH_Get_USB_Status                    0x08002b8a   Section        0  usbh_conf.o(i.USBH_Get_USB_Status)
    i.USBH_HandleControl                     0x08002ba2   Section        0  usbh_ctlreq.o(i.USBH_HandleControl)
    USBH_HandleControl                       0x08002ba3   Thumb Code   402  usbh_ctlreq.o(i.USBH_HandleControl)
    i.USBH_HandleEnum                        0x08002d34   Section        0  usbh_core.o(i.USBH_HandleEnum)
    USBH_HandleEnum                          0x08002d35   Thumb Code   362  usbh_core.o(i.USBH_HandleEnum)
    i.USBH_Init                              0x08002e9e   Section        0  usbh_core.o(i.USBH_Init)
    i.USBH_LL_ClosePipe                      0x08002edc   Section        0  usbh_conf.o(i.USBH_LL_ClosePipe)
    i.USBH_LL_Connect                        0x08002eee   Section        0  usbh_core.o(i.USBH_LL_Connect)
    i.USBH_LL_Disconnect                     0x08002f02   Section        0  usbh_core.o(i.USBH_LL_Disconnect)
    i.USBH_LL_DriverVBUS                     0x08002f30   Section        0  usbh_conf.o(i.USBH_LL_DriverVBUS)
    i.USBH_LL_GetLastXferSize                0x08002f4a   Section        0  usbh_conf.o(i.USBH_LL_GetLastXferSize)
    i.USBH_LL_GetSpeed                       0x08002f52   Section        0  usbh_conf.o(i.USBH_LL_GetSpeed)
    i.USBH_LL_GetURBState                    0x08002f74   Section        0  usbh_conf.o(i.USBH_LL_GetURBState)
    i.USBH_LL_IncTimer                       0x08002f7c   Section        0  usbh_core.o(i.USBH_LL_IncTimer)
    i.USBH_LL_Init                           0x08002f9c   Section        0  usbh_conf.o(i.USBH_LL_Init)
    i.USBH_LL_OpenPipe                       0x08002fec   Section        0  usbh_conf.o(i.USBH_LL_OpenPipe)
    i.USBH_LL_PortDisabled                   0x08003008   Section        0  usbh_core.o(i.USBH_LL_PortDisabled)
    i.USBH_LL_PortEnabled                    0x08003010   Section        0  usbh_core.o(i.USBH_LL_PortEnabled)
    i.USBH_LL_ResetPort                      0x08003018   Section        0  usbh_conf.o(i.USBH_LL_ResetPort)
    i.USBH_LL_SetTimer                       0x0800302a   Section        0  usbh_core.o(i.USBH_LL_SetTimer)
    i.USBH_LL_SetToggle                      0x08003030   Section        0  usbh_conf.o(i.USBH_LL_SetToggle)
    i.USBH_LL_Start                          0x08003050   Section        0  usbh_conf.o(i.USBH_LL_Start)
    i.USBH_LL_Stop                           0x08003062   Section        0  usbh_conf.o(i.USBH_LL_Stop)
    i.USBH_LL_SubmitURB                      0x08003074   Section        0  usbh_conf.o(i.USBH_LL_SubmitURB)
    i.USBH_OpenPipe                          0x08003096   Section        0  usbh_pipes.o(i.USBH_OpenPipe)
    i.USBH_ParseCfgDesc                      0x080030aa   Section        0  usbh_ctlreq.o(i.USBH_ParseCfgDesc)
    USBH_ParseCfgDesc                        0x080030ab   Thumb Code   220  usbh_ctlreq.o(i.USBH_ParseCfgDesc)
    i.USBH_Process                           0x08003188   Section        0  usbh_core.o(i.USBH_Process)
    i.USBH_RegisterClass                     0x080033b0   Section        0  usbh_core.o(i.USBH_RegisterClass)
    i.USBH_SelectInterface                   0x080033cc   Section        0  usbh_core.o(i.USBH_SelectInterface)
    i.USBH_SetAddress                        0x080033e2   Section        0  usbh_ctlreq.o(i.USBH_SetAddress)
    i.USBH_SetCfg                            0x080033fe   Section        0  usbh_ctlreq.o(i.USBH_SetCfg)
    i.USBH_SetFeature                        0x0800341a   Section        0  usbh_ctlreq.o(i.USBH_SetFeature)
    i.USBH_Start                             0x08003436   Section        0  usbh_core.o(i.USBH_Start)
    i.USBH_UserProcess                       0x0800344c   Section        0  usb_host.o(i.USBH_UserProcess)
    USBH_UserProcess                         0x0800344d   Thumb Code    28  usb_host.o(i.USBH_UserProcess)
    i.USB_CoreInit                           0x0800346c   Section        0  stm32f4xx_ll_usb.o(i.USB_CoreInit)
    i.USB_CoreReset                          0x080034e0   Section        0  stm32f4xx_ll_usb.o(i.USB_CoreReset)
    USB_CoreReset                            0x080034e1   Thumb Code    50  stm32f4xx_ll_usb.o(i.USB_CoreReset)
    i.USB_DisableGlobalInt                   0x08003518   Section        0  stm32f4xx_ll_usb.o(i.USB_DisableGlobalInt)
    i.USB_DoPing                             0x08003524   Section        0  stm32f4xx_ll_usb.o(i.USB_DoPing)
    i.USB_DriveVbus                          0x08003548   Section        0  stm32f4xx_ll_usb.o(i.USB_DriveVbus)
    i.USB_EnableGlobalInt                    0x08003574   Section        0  stm32f4xx_ll_usb.o(i.USB_EnableGlobalInt)
    i.USB_FlushRxFifo                        0x08003580   Section        0  stm32f4xx_ll_usb.o(i.USB_FlushRxFifo)
    i.USB_FlushTxFifo                        0x080035a0   Section        0  stm32f4xx_ll_usb.o(i.USB_FlushTxFifo)
    i.USB_GetCurrentFrame                    0x080035c4   Section        0  stm32f4xx_ll_usb.o(i.USB_GetCurrentFrame)
    i.USB_GetHostSpeed                       0x080035cc   Section        0  stm32f4xx_ll_usb.o(i.USB_GetHostSpeed)
    i.USB_GetMode                            0x080035da   Section        0  stm32f4xx_ll_usb.o(i.USB_GetMode)
    i.USB_HC_Halt                            0x080035e2   Section        0  stm32f4xx_ll_usb.o(i.USB_HC_Halt)
    i.USB_HC_Init                            0x080036a4   Section        0  stm32f4xx_ll_usb.o(i.USB_HC_Init)
    i.USB_HC_ReadInterrupt                   0x08003794   Section        0  stm32f4xx_ll_usb.o(i.USB_HC_ReadInterrupt)
    i.USB_HC_StartXfer                       0x0800379c   Section        0  stm32f4xx_ll_usb.o(i.USB_HC_StartXfer)
    i.USB_HostInit                           0x080038ec   Section        0  stm32f4xx_ll_usb.o(i.USB_HostInit)
    i.USB_InitFSLSPClkSel                    0x080039c4   Section        0  stm32f4xx_ll_usb.o(i.USB_InitFSLSPClkSel)
    i.USB_ReadInterrupts                     0x080039fa   Section        0  stm32f4xx_ll_usb.o(i.USB_ReadInterrupts)
    i.USB_ReadPacket                         0x08003a02   Section        0  stm32f4xx_ll_usb.o(i.USB_ReadPacket)
    i.USB_ResetPort                          0x08003a1e   Section        0  stm32f4xx_ll_usb.o(i.USB_ResetPort)
    i.USB_SetCurrentMode                     0x08003a50   Section        0  stm32f4xx_ll_usb.o(i.USB_SetCurrentMode)
    i.USB_StopHost                           0x08003a80   Section        0  stm32f4xx_ll_usb.o(i.USB_StopHost)
    i.USB_WritePacket                        0x08003afe   Section        0  stm32f4xx_ll_usb.o(i.USB_WritePacket)
    i.UsageFault_Handler                     0x08003b22   Section        0  stm32f4xx_it.o(i.UsageFault_Handler)
    i.__NVIC_SetPriority                     0x08003b24   Section        0  stm32f4xx_hal_cortex.o(i.__NVIC_SetPriority)
    __NVIC_SetPriority                       0x08003b25   Thumb Code    32  stm32f4xx_hal_cortex.o(i.__NVIC_SetPriority)
    i.__scatterload_copy                     0x08003b44   Section       14  handlers.o(i.__scatterload_copy)
    i.__scatterload_null                     0x08003b52   Section        2  handlers.o(i.__scatterload_null)
    i.__scatterload_zeroinit                 0x08003b54   Section       14  handlers.o(i.__scatterload_zeroinit)
    i.free                                   0x08003b64   Section        0  malloc.o(i.free)
    i.main                                   0x08003bb4   Section        0  main.o(i.main)
    i.malloc                                 0x08003ca8   Section        0  malloc.o(i.malloc)
    .constdata                               0x08003d14   Section       16  system_stm32f4xx.o(.constdata)
    .constdata                               0x08003d24   Section        8  system_stm32f4xx.o(.constdata)
    .conststring                             0x08003d2c   Section        4  usbh_cdc.o(.conststring)
    .data                                    0x20000000   Section        1  main.o(.data)
    .data                                    0x20000001   Section        1  usb_host.o(.data)
    .data                                    0x20000004   Section        4  stm32f4xx_ll_usb.o(.data)
    tmpreg                                   0x20000004   Data           4  stm32f4xx_ll_usb.o(.data)
    .data                                    0x20000008   Section       12  stm32f4xx_hal.o(.data)
    .data                                    0x20000014   Section        4  system_stm32f4xx.o(.data)
    .data                                    0x20000018   Section       32  usbh_cdc.o(.data)
    .data                                    0x20000038   Section        4  mvars.o(.data)
    .data                                    0x2000003c   Section        4  mvars.o(.data)
    .bss                                     0x20000040   Section      316  main.o(.bss)
    .bss                                     0x2000017c   Section      984  usb_host.o(.bss)
    .bss                                     0x20000554   Section      708  usbh_conf.o(.bss)
    HEAP                                     0x20000818   Section      512  startup_stm32f411xe.o(HEAP)
    STACK                                    0x20000a18   Section     1024  startup_stm32f411xe.o(STACK)

    Global Symbols

    Symbol Name                              Value     Ov Type        Size  Object(Section)

    BuildAttributes$$THM_ISAv4$E$P$D$K$B$S$7EM$VFPi3$EXTD16$VFPS$VFMA$PE$A:L22UL41UL21$X:L11$S22US41US21$IEEE1$IW$USESV6$~STKCKD$USESV7$~SHL$OSPACE$EBA8$MICROLIB$REQ8$PRES8$EABIv2 0x00000000   Number         0  anon$$obj.o ABSOLUTE
    __ARM_use_no_argv                        0x00000000   Number         0  main.o ABSOLUTE
    __arm_fini_                               - Undefined Weak Reference
    __cpp_initialize__aeabi_                  - Undefined Weak Reference
    __cxa_finalize                            - Undefined Weak Reference
    __decompress                              - Undefined Weak Reference
    _clock_init                               - Undefined Weak Reference
    _microlib_exit                            - Undefined Weak Reference
    __Vectors_Size                           0x00000198   Number         0  startup_stm32f411xe.o ABSOLUTE
    __Vectors                                0x08000000   Data           4  startup_stm32f411xe.o(RESET)
    __Vectors_End                            0x08000198   Data           0  startup_stm32f411xe.o(RESET)
    __main                                   0x08000199   Thumb Code     0  entry.o(.ARM.Collect$$$$00000000)
    _main_stk                                0x08000199   Thumb Code     0  entry2.o(.ARM.Collect$$$$00000001)
    _main_scatterload                        0x0800019d   Thumb Code     0  entry5.o(.ARM.Collect$$$$00000004)
    __main_after_scatterload                 0x080001a1   Thumb Code     0  entry5.o(.ARM.Collect$$$$00000004)
    _main_clock                              0x080001a1   Thumb Code     0  entry7b.o(.ARM.Collect$$$$00000008)
    _main_cpp_init                           0x080001a1   Thumb Code     0  entry8b.o(.ARM.Collect$$$$0000000A)
    _main_init                               0x080001a1   Thumb Code     0  entry9a.o(.ARM.Collect$$$$0000000B)
    __rt_lib_shutdown_fini                   0x080001a9   Thumb Code     0  entry12b.o(.ARM.Collect$$$$0000000E)
    __rt_final_cpp                           0x080001ad   Thumb Code     0  entry10a.o(.ARM.Collect$$$$0000000F)
    __rt_final_exit                          0x080001ad   Thumb Code     0  entry11a.o(.ARM.Collect$$$$00000011)
    Reset_Handler                            0x080001b1   Thumb Code     8  startup_stm32f411xe.o(.text)
    ADC_IRQHandler                           0x080001cb   Thumb Code     0  startup_stm32f411xe.o(.text)
    DMA1_Stream0_IRQHandler                  0x080001cb   Thumb Code     0  startup_stm32f411xe.o(.text)
    DMA1_Stream1_IRQHandler                  0x080001cb   Thumb Code     0  startup_stm32f411xe.o(.text)
    DMA1_Stream2_IRQHandler                  0x080001cb   Thumb Code     0  startup_stm32f411xe.o(.text)
    DMA1_Stream3_IRQHandler                  0x080001cb   Thumb Code     0  startup_stm32f411xe.o(.text)
    DMA1_Stream4_IRQHandler                  0x080001cb   Thumb Code     0  startup_stm32f411xe.o(.text)
    DMA1_Stream5_IRQHandler                  0x080001cb   Thumb Code     0  startup_stm32f411xe.o(.text)
    DMA1_Stream6_IRQHandler                  0x080001cb   Thumb Code     0  startup_stm32f411xe.o(.text)
    DMA1_Stream7_IRQHandler                  0x080001cb   Thumb Code     0  startup_stm32f411xe.o(.text)
    DMA2_Stream0_IRQHandler                  0x080001cb   Thumb Code     0  startup_stm32f411xe.o(.text)
    DMA2_Stream1_IRQHandler                  0x080001cb   Thumb Code     0  startup_stm32f411xe.o(.text)
    DMA2_Stream2_IRQHandler                  0x080001cb   Thumb Code     0  startup_stm32f411xe.o(.text)
    DMA2_Stream3_IRQHandler                  0x080001cb   Thumb Code     0  startup_stm32f411xe.o(.text)
    DMA2_Stream4_IRQHandler                  0x080001cb   Thumb Code     0  startup_stm32f411xe.o(.text)
    DMA2_Stream5_IRQHandler                  0x080001cb   Thumb Code     0  startup_stm32f411xe.o(.text)
    DMA2_Stream6_IRQHandler                  0x080001cb   Thumb Code     0  startup_stm32f411xe.o(.text)
    DMA2_Stream7_IRQHandler                  0x080001cb   Thumb Code     0  startup_stm32f411xe.o(.text)
    EXTI0_IRQHandler                         0x080001cb   Thumb Code     0  startup_stm32f411xe.o(.text)
    EXTI15_10_IRQHandler                     0x080001cb   Thumb Code     0  startup_stm32f411xe.o(.text)
    EXTI1_IRQHandler                         0x080001cb   Thumb Code     0  startup_stm32f411xe.o(.text)
    EXTI2_IRQHandler                         0x080001cb   Thumb Code     0  startup_stm32f411xe.o(.text)
    EXTI3_IRQHandler                         0x080001cb   Thumb Code     0  startup_stm32f411xe.o(.text)
    EXTI4_IRQHandler                         0x080001cb   Thumb Code     0  startup_stm32f411xe.o(.text)
    EXTI9_5_IRQHandler                       0x080001cb   Thumb Code     0  startup_stm32f411xe.o(.text)
    FLASH_IRQHandler                         0x080001cb   Thumb Code     0  startup_stm32f411xe.o(.text)
    FPU_IRQHandler                           0x080001cb   Thumb Code     0  startup_stm32f411xe.o(.text)
    I2C1_ER_IRQHandler                       0x080001cb   Thumb Code     0  startup_stm32f411xe.o(.text)
    I2C1_EV_IRQHandler                       0x080001cb   Thumb Code     0  startup_stm32f411xe.o(.text)
    I2C2_ER_IRQHandler                       0x080001cb   Thumb Code     0  startup_stm32f411xe.o(.text)
    I2C2_EV_IRQHandler                       0x080001cb   Thumb Code     0  startup_stm32f411xe.o(.text)
    I2C3_ER_IRQHandler                       0x080001cb   Thumb Code     0  startup_stm32f411xe.o(.text)
    I2C3_EV_IRQHandler                       0x080001cb   Thumb Code     0  startup_stm32f411xe.o(.text)
    OTG_FS_WKUP_IRQHandler                   0x080001cb   Thumb Code     0  startup_stm32f411xe.o(.text)
    PVD_IRQHandler                           0x080001cb   Thumb Code     0  startup_stm32f411xe.o(.text)
    RCC_IRQHandler                           0x080001cb   Thumb Code     0  startup_stm32f411xe.o(.text)
    RTC_Alarm_IRQHandler                     0x080001cb   Thumb Code     0  startup_stm32f411xe.o(.text)
    RTC_WKUP_IRQHandler                      0x080001cb   Thumb Code     0  startup_stm32f411xe.o(.text)
    SDIO_IRQHandler                          0x080001cb   Thumb Code     0  startup_stm32f411xe.o(.text)
    SPI1_IRQHandler                          0x080001cb   Thumb Code     0  startup_stm32f411xe.o(.text)
    SPI2_IRQHandler                          0x080001cb   Thumb Code     0  startup_stm32f411xe.o(.text)
    SPI3_IRQHandler                          0x080001cb   Thumb Code     0  startup_stm32f411xe.o(.text)
    SPI4_IRQHandler                          0x080001cb   Thumb Code     0  startup_stm32f411xe.o(.text)
    SPI5_IRQHandler                          0x080001cb   Thumb Code     0  startup_stm32f411xe.o(.text)
    TAMP_STAMP_IRQHandler                    0x080001cb   Thumb Code     0  startup_stm32f411xe.o(.text)
    TIM1_BRK_TIM9_IRQHandler                 0x080001cb   Thumb Code     0  startup_stm32f411xe.o(.text)
    TIM1_CC_IRQHandler                       0x080001cb   Thumb Code     0  startup_stm32f411xe.o(.text)
    TIM1_TRG_COM_TIM11_IRQHandler            0x080001cb   Thumb Code     0  startup_stm32f411xe.o(.text)
    TIM1_UP_TIM10_IRQHandler                 0x080001cb   Thumb Code     0  startup_stm32f411xe.o(.text)
    TIM2_IRQHandler                          0x080001cb   Thumb Code     0  startup_stm32f411xe.o(.text)
    TIM3_IRQHandler                          0x080001cb   Thumb Code     0  startup_stm32f411xe.o(.text)
    TIM4_IRQHandler                          0x080001cb   Thumb Code     0  startup_stm32f411xe.o(.text)
    TIM5_IRQHandler                          0x080001cb   Thumb Code     0  startup_stm32f411xe.o(.text)
    USART1_IRQHandler                        0x080001cb   Thumb Code     0  startup_stm32f411xe.o(.text)
    USART2_IRQHandler                        0x080001cb   Thumb Code     0  startup_stm32f411xe.o(.text)
    USART6_IRQHandler                        0x080001cb   Thumb Code     0  startup_stm32f411xe.o(.text)
    WWDG_IRQHandler                          0x080001cb   Thumb Code     0  startup_stm32f411xe.o(.text)
    __aeabi_uldivmod                         0x080001d5   Thumb Code    98  uldiv.o(.text)
    __aeabi_memcpy                           0x08000237   Thumb Code    36  memcpya.o(.text)
    __aeabi_memcpy4                          0x08000237   Thumb Code     0  memcpya.o(.text)
    __aeabi_memcpy8                          0x08000237   Thumb Code     0  memcpya.o(.text)
    __aeabi_memset                           0x0800025b   Thumb Code    14  memseta.o(.text)
    __aeabi_memset4                          0x0800025b   Thumb Code     0  memseta.o(.text)
    __aeabi_memset8                          0x0800025b   Thumb Code     0  memseta.o(.text)
    __aeabi_memclr                           0x08000269   Thumb Code     4  memseta.o(.text)
    __aeabi_memclr4                          0x08000269   Thumb Code     0  memseta.o(.text)
    __aeabi_memclr8                          0x08000269   Thumb Code     0  memseta.o(.text)
    _memset$wrapper                          0x0800026d   Thumb Code    18  memseta.o(.text)
    __aeabi_llsl                             0x0800027f   Thumb Code    30  llshl.o(.text)
    _ll_shift_l                              0x0800027f   Thumb Code     0  llshl.o(.text)
    __aeabi_llsr                             0x0800029d   Thumb Code    32  llushr.o(.text)
    _ll_ushift_r                             0x0800029d   Thumb Code     0  llushr.o(.text)
    __scatterload                            0x080002bd   Thumb Code    28  init.o(.text)
    __scatterload_rt2                        0x080002bd   Thumb Code     0  init.o(.text)
    BusFault_Handler                         0x080002e1   Thumb Code     2  stm32f4xx_it.o(i.BusFault_Handler)
    DebugMon_Handler                         0x08000411   Thumb Code     2  stm32f4xx_it.o(i.DebugMon_Handler)
    Error_Handler                            0x08000413   Thumb Code     4  main.o(i.Error_Handler)
    HAL_Delay                                0x0800042d   Thumb Code    32  stm32f4xx_hal.o(i.HAL_Delay)
    HAL_GPIO_Init                            0x08000451   Thumb Code   370  stm32f4xx_hal_gpio.o(i.HAL_GPIO_Init)
    HAL_GPIO_TogglePin                       0x080005e5   Thumb Code    14  stm32f4xx_hal_gpio.o(i.HAL_GPIO_TogglePin)
    HAL_GPIO_WritePin                        0x080005f3   Thumb Code    10  stm32f4xx_hal_gpio.o(i.HAL_GPIO_WritePin)
    HAL_GetTick                              0x080005fd   Thumb Code     6  stm32f4xx_hal.o(i.HAL_GetTick)
    HAL_HCD_Connect_Callback                 0x08000609   Thumb Code     8  usbh_conf.o(i.HAL_HCD_Connect_Callback)
    HAL_HCD_Disconnect_Callback              0x08000611   Thumb Code     8  usbh_conf.o(i.HAL_HCD_Disconnect_Callback)
    HAL_HCD_GetCurrentFrame                  0x08000619   Thumb Code     6  stm32f4xx_hal_hcd.o(i.HAL_HCD_GetCurrentFrame)
    HAL_HCD_GetCurrentSpeed                  0x0800061f   Thumb Code     6  stm32f4xx_hal_hcd.o(i.HAL_HCD_GetCurrentSpeed)
    HAL_HCD_HC_GetURBState                   0x08000625   Thumb Code    14  stm32f4xx_hal_hcd.o(i.HAL_HCD_HC_GetURBState)
    HAL_HCD_HC_GetXferCount                  0x08000633   Thumb Code    12  stm32f4xx_hal_hcd.o(i.HAL_HCD_HC_GetXferCount)
    HAL_HCD_HC_Halt                          0x0800063f   Thumb Code    36  stm32f4xx_hal_hcd.o(i.HAL_HCD_HC_Halt)
    HAL_HCD_HC_Init                          0x08000663   Thumb Code   114  stm32f4xx_hal_hcd.o(i.HAL_HCD_HC_Init)
    HAL_HCD_HC_NotifyURBChange_Callback      0x080006d5   Thumb Code     2  usbh_conf.o(i.HAL_HCD_HC_NotifyURBChange_Callback)
    HAL_HCD_HC_SubmitRequest                 0x080006d7   Thumb Code   148  stm32f4xx_hal_hcd.o(i.HAL_HCD_HC_SubmitRequest)
    HAL_HCD_IRQHandler                       0x0800076d   Thumb Code   304  stm32f4xx_hal_hcd.o(i.HAL_HCD_IRQHandler)
    HAL_HCD_Init                             0x0800089d   Thumb Code   114  stm32f4xx_hal_hcd.o(i.HAL_HCD_Init)
    HAL_HCD_MspInit                          0x08000911   Thumb Code   142  usbh_conf.o(i.HAL_HCD_MspInit)
    HAL_HCD_PortDisabled_Callback            0x080009a9   Thumb Code     8  usbh_conf.o(i.HAL_HCD_PortDisabled_Callback)
    HAL_HCD_PortEnabled_Callback             0x080009b1   Thumb Code     8  usbh_conf.o(i.HAL_HCD_PortEnabled_Callback)
    HAL_HCD_ResetPort                        0x080009b9   Thumb Code     6  stm32f4xx_hal_hcd.o(i.HAL_HCD_ResetPort)
    HAL_HCD_SOF_Callback                     0x080009bf   Thumb Code     8  usbh_conf.o(i.HAL_HCD_SOF_Callback)
    HAL_HCD_Start                            0x080009c7   Thumb Code    44  stm32f4xx_hal_hcd.o(i.HAL_HCD_Start)
    HAL_HCD_Stop                             0x080009f3   Thumb Code    36  stm32f4xx_hal_hcd.o(i.HAL_HCD_Stop)
    HAL_I2C_Init                             0x08000a19   Thumb Code   376  stm32f4xx_hal_i2c.o(i.HAL_I2C_Init)
    HAL_I2C_MspInit                          0x08000ba1   Thumb Code    94  stm32f4xx_hal_msp.o(i.HAL_I2C_MspInit)
    HAL_I2SEx_FullDuplex_IRQHandler          0x08000c0d   Thumb Code   492  stm32f4xx_hal_i2s_ex.o(i.HAL_I2SEx_FullDuplex_IRQHandler)
    HAL_I2SEx_TxRxCpltCallback               0x08000e01   Thumb Code     2  stm32f4xx_hal_i2s_ex.o(i.HAL_I2SEx_TxRxCpltCallback)
    HAL_I2S_ErrorCallback                    0x08000e03   Thumb Code     2  stm32f4xx_hal_i2s.o(i.HAL_I2S_ErrorCallback)
    HAL_I2S_Init                             0x08000e05   Thumb Code   354  stm32f4xx_hal_i2s.o(i.HAL_I2S_Init)
    HAL_I2S_MspInit                          0x08000f79   Thumb Code   240  stm32f4xx_hal_msp.o(i.HAL_I2S_MspInit)
    HAL_I2S_RxCpltCallback                   0x08001081   Thumb Code     2  stm32f4xx_hal_i2s.o(i.HAL_I2S_RxCpltCallback)
    HAL_I2S_TxCpltCallback                   0x08001083   Thumb Code     2  stm32f4xx_hal_i2s.o(i.HAL_I2S_TxCpltCallback)
    HAL_IncTick                              0x08001085   Thumb Code    12  stm32f4xx_hal.o(i.HAL_IncTick)
    HAL_Init                                 0x08001095   Thumb Code    48  stm32f4xx_hal.o(i.HAL_Init)
    HAL_InitTick                             0x080010c9   Thumb Code    54  stm32f4xx_hal.o(i.HAL_InitTick)
    HAL_MspInit                              0x08001109   Thumb Code    48  stm32f4xx_hal_msp.o(i.HAL_MspInit)
    HAL_NVIC_EnableIRQ                       0x0800113d   Thumb Code    26  stm32f4xx_hal_cortex.o(i.HAL_NVIC_EnableIRQ)
    HAL_NVIC_SetPriority                     0x08001159   Thumb Code    60  stm32f4xx_hal_cortex.o(i.HAL_NVIC_SetPriority)
    HAL_NVIC_SetPriorityGrouping             0x08001199   Thumb Code    26  stm32f4xx_hal_cortex.o(i.HAL_NVIC_SetPriorityGrouping)
    HAL_RCCEx_GetPeriphCLKFreq               0x080011bd   Thumb Code    74  stm32f4xx_hal_rcc_ex.o(i.HAL_RCCEx_GetPeriphCLKFreq)
    HAL_RCCEx_PeriphCLKConfig                0x0800121d   Thumb Code   314  stm32f4xx_hal_rcc_ex.o(i.HAL_RCCEx_PeriphCLKConfig)
    HAL_RCC_ClockConfig                      0x08001371   Thumb Code   288  stm32f4xx_hal_rcc.o(i.HAL_RCC_ClockConfig)
    HAL_RCC_GetPCLK1Freq                     0x080014a5   Thumb Code    20  stm32f4xx_hal_rcc.o(i.HAL_RCC_GetPCLK1Freq)
    HAL_RCC_GetSysClockFreq                  0x080014c5   Thumb Code    88  stm32f4xx_hal_rcc.o(i.HAL_RCC_GetSysClockFreq)
    HAL_RCC_OscConfig                        0x08001525   Thumb Code   840  stm32f4xx_hal_rcc.o(i.HAL_RCC_OscConfig)
    HAL_SPI_Init                             0x08001881   Thumb Code   128  stm32f4xx_hal_spi.o(i.HAL_SPI_Init)
    HAL_SPI_MspInit                          0x08001901   Thumb Code    94  stm32f4xx_hal_msp.o(i.HAL_SPI_MspInit)
    HAL_SPI_Transmit                         0x0800196d   Thumb Code   348  stm32f4xx_hal_spi.o(i.HAL_SPI_Transmit)
    HAL_SYSTICK_Config                       0x08001ac9   Thumb Code    40  stm32f4xx_hal_cortex.o(i.HAL_SYSTICK_Config)
    HardFault_Handler                        0x080020b1   Thumb Code     2  stm32f4xx_it.o(i.HardFault_Handler)
    MX_DriverVbusFS                          0x08002269   Thumb Code    16  usbh_platform.o(i.MX_DriverVbusFS)
    MX_USB_HOST_Init                         0x080023f5   Thumb Code    52  usb_host.o(i.MX_USB_HOST_Init)
    MX_USB_HOST_Process                      0x08002435   Thumb Code     6  usb_host.o(i.MX_USB_HOST_Process)
    MemManage_Handler                        0x08002441   Thumb Code     2  stm32f4xx_it.o(i.MemManage_Handler)
    NMI_Handler                              0x08002443   Thumb Code     2  stm32f4xx_it.o(i.NMI_Handler)
    OTG_FS_IRQHandler                        0x08002445   Thumb Code     6  stm32f4xx_it.o(i.OTG_FS_IRQHandler)
    PendSV_Handler                           0x08002451   Thumb Code     2  stm32f4xx_it.o(i.PendSV_Handler)
    SVC_Handler                              0x08002541   Thumb Code     2  stm32f4xx_it.o(i.SVC_Handler)
    SysTick_Handler                          0x08002543   Thumb Code     4  stm32f4xx_it.o(i.SysTick_Handler)
    SystemClock_Config                       0x08002549   Thumb Code   168  main.o(i.SystemClock_Config)
    SystemInit                               0x080025f9   Thumb Code    22  system_stm32f4xx.o(i.SystemInit)
    USBH_AllocPipe                           0x08002615   Thumb Code    56  usbh_pipes.o(i.USBH_AllocPipe)
    USBH_BulkReceiveData                     0x0800264d   Thumb Code    32  usbh_ioreq.o(i.USBH_BulkReceiveData)
    USBH_BulkSendData                        0x0800266d   Thumb Code    40  usbh_ioreq.o(i.USBH_BulkSendData)
    USBH_CDC_LineCodingChanged               0x0800285b   Thumb Code     2  usbh_cdc.o(i.USBH_CDC_LineCodingChanged)
    USBH_CDC_ReceiveCallback                 0x08002915   Thumb Code     2  usbh_cdc.o(i.USBH_CDC_ReceiveCallback)
    USBH_CDC_TransmitCallback                0x0800291b   Thumb Code     2  usbh_cdc.o(i.USBH_CDC_TransmitCallback)
    USBH_ClosePipe                           0x0800291d   Thumb Code    10  usbh_pipes.o(i.USBH_ClosePipe)
    USBH_ClrFeature                          0x08002927   Thumb Code    30  usbh_ctlreq.o(i.USBH_ClrFeature)
    USBH_CtlReceiveData                      0x08002945   Thumb Code    30  usbh_ioreq.o(i.USBH_CtlReceiveData)
    USBH_CtlReq                              0x08002963   Thumb Code    58  usbh_ctlreq.o(i.USBH_CtlReq)
    USBH_CtlSendData                         0x0800299d   Thumb Code    40  usbh_ioreq.o(i.USBH_CtlSendData)
    USBH_CtlSendSetup                        0x080029c5   Thumb Code    30  usbh_ioreq.o(i.USBH_CtlSendSetup)
    USBH_Delay                               0x080029e3   Thumb Code     4  usbh_conf.o(i.USBH_Delay)
    USBH_FindInterface                       0x080029e9   Thumb Code    68  usbh_core.o(i.USBH_FindInterface)
    USBH_FreePipe                            0x08002a2d   Thumb Code    24  usbh_pipes.o(i.USBH_FreePipe)
    USBH_GetDescriptor                       0x08002a45   Thumb Code    52  usbh_ctlreq.o(i.USBH_GetDescriptor)
    USBH_GetNextDesc                         0x08002a79   Thumb Code    14  usbh_ctlreq.o(i.USBH_GetNextDesc)
    USBH_Get_CfgDesc                         0x08002a87   Thumb Code    44  usbh_ctlreq.o(i.USBH_Get_CfgDesc)
    USBH_Get_DevDesc                         0x08002ab3   Thumb Code   144  usbh_ctlreq.o(i.USBH_Get_DevDesc)
    USBH_Get_StringDesc                      0x08002b43   Thumb Code    72  usbh_ctlreq.o(i.USBH_Get_StringDesc)
    USBH_Get_USB_Status                      0x08002b8b   Thumb Code    24  usbh_conf.o(i.USBH_Get_USB_Status)
    USBH_Init                                0x08002e9f   Thumb Code    62  usbh_core.o(i.USBH_Init)
    USBH_LL_ClosePipe                        0x08002edd   Thumb Code    18  usbh_conf.o(i.USBH_LL_ClosePipe)
    USBH_LL_Connect                          0x08002eef   Thumb Code    20  usbh_core.o(i.USBH_LL_Connect)
    USBH_LL_Disconnect                       0x08002f03   Thumb Code    46  usbh_core.o(i.USBH_LL_Disconnect)
    USBH_LL_DriverVBUS                       0x08002f31   Thumb Code    26  usbh_conf.o(i.USBH_LL_DriverVBUS)
    USBH_LL_GetLastXferSize                  0x08002f4b   Thumb Code     8  usbh_conf.o(i.USBH_LL_GetLastXferSize)
    USBH_LL_GetSpeed                         0x08002f53   Thumb Code    34  usbh_conf.o(i.USBH_LL_GetSpeed)
    USBH_LL_GetURBState                      0x08002f75   Thumb Code     8  usbh_conf.o(i.USBH_LL_GetURBState)
    USBH_LL_IncTimer                         0x08002f7d   Thumb Code    30  usbh_core.o(i.USBH_LL_IncTimer)
    USBH_LL_Init                             0x08002f9d   Thumb Code    74  usbh_conf.o(i.USBH_LL_Init)
    USBH_LL_OpenPipe                         0x08002fed   Thumb Code    28  usbh_conf.o(i.USBH_LL_OpenPipe)
    USBH_LL_PortDisabled                     0x08003009   Thumb Code     8  usbh_core.o(i.USBH_LL_PortDisabled)
    USBH_LL_PortEnabled                      0x08003011   Thumb Code     8  usbh_core.o(i.USBH_LL_PortEnabled)
    USBH_LL_ResetPort                        0x08003019   Thumb Code    18  usbh_conf.o(i.USBH_LL_ResetPort)
    USBH_LL_SetTimer                         0x0800302b   Thumb Code     6  usbh_core.o(i.USBH_LL_SetTimer)
    USBH_LL_SetToggle                        0x08003031   Thumb Code    32  usbh_conf.o(i.USBH_LL_SetToggle)
    USBH_LL_Start                            0x08003051   Thumb Code    18  usbh_conf.o(i.USBH_LL_Start)
    USBH_LL_Stop                             0x08003063   Thumb Code    18  usbh_conf.o(i.USBH_LL_Stop)
    USBH_LL_SubmitURB                        0x08003075   Thumb Code    34  usbh_conf.o(i.USBH_LL_SubmitURB)
    USBH_OpenPipe                            0x08003097   Thumb Code    20  usbh_pipes.o(i.USBH_OpenPipe)
    USBH_Process                             0x08003189   Thumb Code   552  usbh_core.o(i.USBH_Process)
    USBH_RegisterClass                       0x080033b1   Thumb Code    28  usbh_core.o(i.USBH_RegisterClass)
    USBH_SelectInterface                     0x080033cd   Thumb Code    22  usbh_core.o(i.USBH_SelectInterface)
    USBH_SetAddress                          0x080033e3   Thumb Code    28  usbh_ctlreq.o(i.USBH_SetAddress)
    USBH_SetCfg                              0x080033ff   Thumb Code    28  usbh_ctlreq.o(i.USBH_SetCfg)
    USBH_SetFeature                          0x0800341b   Thumb Code    28  usbh_ctlreq.o(i.USBH_SetFeature)
    USBH_Start                               0x08003437   Thumb Code    20  usbh_core.o(i.USBH_Start)
    USB_CoreInit                             0x0800346d   Thumb Code   112  stm32f4xx_ll_usb.o(i.USB_CoreInit)
    USB_DisableGlobalInt                     0x08003519   Thumb Code    12  stm32f4xx_ll_usb.o(i.USB_DisableGlobalInt)
    USB_DoPing                               0x08003525   Thumb Code    30  stm32f4xx_ll_usb.o(i.USB_DoPing)
    USB_DriveVbus                            0x08003549   Thumb Code    44  stm32f4xx_ll_usb.o(i.USB_DriveVbus)
    USB_EnableGlobalInt                      0x08003575   Thumb Code    12  stm32f4xx_ll_usb.o(i.USB_EnableGlobalInt)
    USB_FlushRxFifo                          0x08003581   Thumb Code    28  stm32f4xx_ll_usb.o(i.USB_FlushRxFifo)
    USB_FlushTxFifo                          0x080035a1   Thumb Code    32  stm32f4xx_ll_usb.o(i.USB_FlushTxFifo)
    USB_GetCurrentFrame                      0x080035c5   Thumb Code     8  stm32f4xx_ll_usb.o(i.USB_GetCurrentFrame)
    USB_GetHostSpeed                         0x080035cd   Thumb Code    14  stm32f4xx_ll_usb.o(i.USB_GetHostSpeed)
    USB_GetMode                              0x080035db   Thumb Code     8  stm32f4xx_ll_usb.o(i.USB_GetMode)
    USB_HC_Halt                              0x080035e3   Thumb Code   194  stm32f4xx_ll_usb.o(i.USB_HC_Halt)
    USB_HC_Init                              0x080036a5   Thumb Code   240  stm32f4xx_ll_usb.o(i.USB_HC_Init)
    USB_HC_ReadInterrupt                     0x08003795   Thumb Code     8  stm32f4xx_ll_usb.o(i.USB_HC_ReadInterrupt)
    USB_HC_StartXfer                         0x0800379d   Thumb Code   330  stm32f4xx_ll_usb.o(i.USB_HC_StartXfer)
    USB_HostInit                             0x080038ed   Thumb Code   194  stm32f4xx_ll_usb.o(i.USB_HostInit)
    USB_InitFSLSPClkSel                      0x080039c5   Thumb Code    54  stm32f4xx_ll_usb.o(i.USB_InitFSLSPClkSel)
    USB_ReadInterrupts                       0x080039fb   Thumb Code     8  stm32f4xx_ll_usb.o(i.USB_ReadInterrupts)
    USB_ReadPacket                           0x08003a03   Thumb Code    28  stm32f4xx_ll_usb.o(i.USB_ReadPacket)
    USB_ResetPort                            0x08003a1f   Thumb Code    50  stm32f4xx_ll_usb.o(i.USB_ResetPort)
    USB_SetCurrentMode                       0x08003a51   Thumb Code    46  stm32f4xx_ll_usb.o(i.USB_SetCurrentMode)
    USB_StopHost                             0x08003a81   Thumb Code   126  stm32f4xx_ll_usb.o(i.USB_StopHost)
    USB_WritePacket                          0x08003aff   Thumb Code    36  stm32f4xx_ll_usb.o(i.USB_WritePacket)
    UsageFault_Handler                       0x08003b23   Thumb Code     2  stm32f4xx_it.o(i.UsageFault_Handler)
    __scatterload_copy                       0x08003b45   Thumb Code    14  handlers.o(i.__scatterload_copy)
    __scatterload_null                       0x08003b53   Thumb Code     2  handlers.o(i.__scatterload_null)
    __scatterload_zeroinit                   0x08003b55   Thumb Code    14  handlers.o(i.__scatterload_zeroinit)
    free                                     0x08003b65   Thumb Code    76  malloc.o(i.free)
    main                                     0x08003bb5   Thumb Code   206  main.o(i.main)
    malloc                                   0x08003ca9   Thumb Code    92  malloc.o(i.malloc)
    AHBPrescTable                            0x08003d14   Data          16  system_stm32f4xx.o(.constdata)
    APBPrescTable                            0x08003d24   Data           8  system_stm32f4xx.o(.constdata)
    Region$$Table$$Base                      0x08003d30   Number         0  anon$$obj.o(Region$$Table)
    Region$$Table$$Limit                     0x08003d50   Number         0  anon$$obj.o(Region$$Table)
    selam                                    0x20000000   Data           1  main.o(.data)
    Appli_state                              0x20000001   Data           1  usb_host.o(.data)
    uwTickFreq                               0x20000008   Data           1  stm32f4xx_hal.o(.data)
    uwTickPrio                               0x2000000c   Data           4  stm32f4xx_hal.o(.data)
    uwTick                                   0x20000010   Data           4  stm32f4xx_hal.o(.data)
    SystemCoreClock                          0x20000014   Data           4  system_stm32f4xx.o(.data)
    CDC_Class                                0x20000018   Data          32  usbh_cdc.o(.data)
    __microlib_freelist                      0x20000038   Data           4  mvars.o(.data)
    __microlib_freelist_initialised          0x2000003c   Data           4  mvars.o(.data)
    hi2c1                                    0x20000040   Data          84  main.o(.bss)
    hi2s2                                    0x20000094   Data          72  main.o(.bss)
    hi2s3                                    0x200000dc   Data          72  main.o(.bss)
    hspi1                                    0x20000124   Data          88  main.o(.bss)
    hUsbHostFS                               0x2000017c   Data         984  usb_host.o(.bss)
    hhcd_USB_OTG_FS                          0x20000554   Data         708  usbh_conf.o(.bss)
    __heap_base                              0x20000818   Data           0  startup_stm32f411xe.o(HEAP)
    __heap_limit                             0x20000a18   Data           0  startup_stm32f411xe.o(HEAP)
    __initial_sp                             0x20000e18   Data           0  startup_stm32f411xe.o(STACK)



==============================================================================

Memory Map of the image

  Image Entry point : 0x08000199

  Load Region LR_IROM1 (Base: 0x08000000, Size: 0x00003d90, Max: 0x00080000, ABSOLUTE)

    Execution Region ER_IROM1 (Exec base: 0x08000000, Load base: 0x08000000, Size: 0x00003d50, Max: 0x00080000, ABSOLUTE)

    Exec Addr    Load Addr    Size         Type   Attr      Idx    E Section Name        Object

    0x08000000   0x08000000   0x00000198   Data   RO            3    RESET               startup_stm32f411xe.o
    0x08000198   0x08000198   0x00000000   Code   RO         3861  * .ARM.Collect$$$$00000000  mc_w.l(entry.o)
    0x08000198   0x08000198   0x00000004   Code   RO         3900    .ARM.Collect$$$$00000001  mc_w.l(entry2.o)
    0x0800019c   0x0800019c   0x00000004   Code   RO         3903    .ARM.Collect$$$$00000004  mc_w.l(entry5.o)
    0x080001a0   0x080001a0   0x00000000   Code   RO         3905    .ARM.Collect$$$$00000008  mc_w.l(entry7b.o)
    0x080001a0   0x080001a0   0x00000000   Code   RO         3907    .ARM.Collect$$$$0000000A  mc_w.l(entry8b.o)
    0x080001a0   0x080001a0   0x00000008   Code   RO         3908    .ARM.Collect$$$$0000000B  mc_w.l(entry9a.o)
    0x080001a8   0x080001a8   0x00000004   Code   RO         3915    .ARM.Collect$$$$0000000E  mc_w.l(entry12b.o)
    0x080001ac   0x080001ac   0x00000000   Code   RO         3910    .ARM.Collect$$$$0000000F  mc_w.l(entry10a.o)
    0x080001ac   0x080001ac   0x00000000   Code   RO         3912    .ARM.Collect$$$$00000011  mc_w.l(entry11a.o)
    0x080001ac   0x080001ac   0x00000004   Code   RO         3901    .ARM.Collect$$$$00002712  mc_w.l(entry2.o)
    0x080001b0   0x080001b0   0x00000024   Code   RO            4    .text               startup_stm32f411xe.o
    0x080001d4   0x080001d4   0x00000062   Code   RO         3864    .text               mc_w.l(uldiv.o)
    0x08000236   0x08000236   0x00000024   Code   RO         3866    .text               mc_w.l(memcpya.o)
    0x0800025a   0x0800025a   0x00000024   Code   RO         3868    .text               mc_w.l(memseta.o)
    0x0800027e   0x0800027e   0x0000001e   Code   RO         3916    .text               mc_w.l(llshl.o)
    0x0800029c   0x0800029c   0x00000020   Code   RO         3918    .text               mc_w.l(llushr.o)
    0x080002bc   0x080002bc   0x00000024   Code   RO         3922    .text               mc_w.l(init.o)
    0x080002e0   0x080002e0   0x00000002   Code   RO          175    i.BusFault_Handler  stm32f4xx_it.o
    0x080002e2   0x080002e2   0x00000002   PAD
    0x080002e4   0x080002e4   0x00000068   Code   RO         3745    i.CDC_ProcessReception  usbh_cdc.o
    0x0800034c   0x0800034c   0x00000072   Code   RO         3746    i.CDC_ProcessTransmission  usbh_cdc.o
    0x080003be   0x080003be   0x00000002   PAD
    0x080003c0   0x080003c0   0x00000050   Code   RO         3402    i.DeInitStateMachine  usbh_core.o
    0x08000410   0x08000410   0x00000002   Code   RO          176    i.DebugMon_Handler  stm32f4xx_it.o
    0x08000412   0x08000412   0x00000004   Code   RO           13    i.Error_Handler     main.o
    0x08000416   0x08000416   0x00000016   Code   RO         3747    i.GetLineCoding     usbh_cdc.o
    0x0800042c   0x0800042c   0x00000024   Code   RO         2035    i.HAL_Delay         stm32f4xx_hal.o
    0x08000450   0x08000450   0x00000194   Code   RO         1485    i.HAL_GPIO_Init     stm32f4xx_hal_gpio.o
    0x080005e4   0x080005e4   0x0000000e   Code   RO         1488    i.HAL_GPIO_TogglePin  stm32f4xx_hal_gpio.o
    0x080005f2   0x080005f2   0x0000000a   Code   RO         1489    i.HAL_GPIO_WritePin  stm32f4xx_hal_gpio.o
    0x080005fc   0x080005fc   0x0000000c   Code   RO         2041    i.HAL_GetTick       stm32f4xx_hal.o
    0x08000608   0x08000608   0x00000008   Code   RO          389    i.HAL_HCD_Connect_Callback  usbh_conf.o
    0x08000610   0x08000610   0x00000008   Code   RO          390    i.HAL_HCD_Disconnect_Callback  usbh_conf.o
    0x08000618   0x08000618   0x00000006   Code   RO          597    i.HAL_HCD_GetCurrentFrame  stm32f4xx_hal_hcd.o
    0x0800061e   0x0800061e   0x00000006   Code   RO          598    i.HAL_HCD_GetCurrentSpeed  stm32f4xx_hal_hcd.o
    0x08000624   0x08000624   0x0000000e   Code   RO          601    i.HAL_HCD_HC_GetURBState  stm32f4xx_hal_hcd.o
    0x08000632   0x08000632   0x0000000c   Code   RO          602    i.HAL_HCD_HC_GetXferCount  stm32f4xx_hal_hcd.o
    0x0800063e   0x0800063e   0x00000024   Code   RO          603    i.HAL_HCD_HC_Halt   stm32f4xx_hal_hcd.o
    0x08000662   0x08000662   0x00000072   Code   RO          604    i.HAL_HCD_HC_Init   stm32f4xx_hal_hcd.o
    0x080006d4   0x080006d4   0x00000002   Code   RO          391    i.HAL_HCD_HC_NotifyURBChange_Callback  usbh_conf.o
    0x080006d6   0x080006d6   0x00000094   Code   RO          606    i.HAL_HCD_HC_SubmitRequest  stm32f4xx_hal_hcd.o
    0x0800076a   0x0800076a   0x00000002   PAD
    0x0800076c   0x0800076c   0x00000130   Code   RO          607    i.HAL_HCD_IRQHandler  stm32f4xx_hal_hcd.o
    0x0800089c   0x0800089c   0x00000072   Code   RO          608    i.HAL_HCD_Init      stm32f4xx_hal_hcd.o
    0x0800090e   0x0800090e   0x00000002   PAD
    0x08000910   0x08000910   0x00000098   Code   RO          393    i.HAL_HCD_MspInit   usbh_conf.o
    0x080009a8   0x080009a8   0x00000008   Code   RO          394    i.HAL_HCD_PortDisabled_Callback  usbh_conf.o
    0x080009b0   0x080009b0   0x00000008   Code   RO          395    i.HAL_HCD_PortEnabled_Callback  usbh_conf.o
    0x080009b8   0x080009b8   0x00000006   Code   RO          613    i.HAL_HCD_ResetPort  stm32f4xx_hal_hcd.o
    0x080009be   0x080009be   0x00000008   Code   RO          396    i.HAL_HCD_SOF_Callback  usbh_conf.o
    0x080009c6   0x080009c6   0x0000002c   Code   RO          615    i.HAL_HCD_Start     stm32f4xx_hal_hcd.o
    0x080009f2   0x080009f2   0x00000024   Code   RO          616    i.HAL_HCD_Stop      stm32f4xx_hal_hcd.o
    0x08000a16   0x08000a16   0x00000002   PAD
    0x08000a18   0x08000a18   0x00000188   Code   RO         2297    i.HAL_I2C_Init      stm32f4xx_hal_i2c.o
    0x08000ba0   0x08000ba0   0x0000006c   Code   RO          258    i.HAL_I2C_MspInit   stm32f4xx_hal_msp.o
    0x08000c0c   0x08000c0c   0x000001f4   Code   RO         2922    i.HAL_I2SEx_FullDuplex_IRQHandler  stm32f4xx_hal_i2s_ex.o
    0x08000e00   0x08000e00   0x00000002   Code   RO         2926    i.HAL_I2SEx_TxRxCpltCallback  stm32f4xx_hal_i2s_ex.o
    0x08000e02   0x08000e02   0x00000002   Code   RO         2747    i.HAL_I2S_ErrorCallback  stm32f4xx_hal_i2s.o
    0x08000e04   0x08000e04   0x00000174   Code   RO         2751    i.HAL_I2S_Init      stm32f4xx_hal_i2s.o
    0x08000f78   0x08000f78   0x00000108   Code   RO          260    i.HAL_I2S_MspInit   stm32f4xx_hal_msp.o
    0x08001080   0x08001080   0x00000002   Code   RO         2757    i.HAL_I2S_RxCpltCallback  stm32f4xx_hal_i2s.o
    0x08001082   0x08001082   0x00000002   Code   RO         2762    i.HAL_I2S_TxCpltCallback  stm32f4xx_hal_i2s.o
    0x08001084   0x08001084   0x00000010   Code   RO         2047    i.HAL_IncTick       stm32f4xx_hal.o
    0x08001094   0x08001094   0x00000034   Code   RO         2048    i.HAL_Init          stm32f4xx_hal.o
    0x080010c8   0x080010c8   0x00000040   Code   RO         2049    i.HAL_InitTick      stm32f4xx_hal.o
    0x08001108   0x08001108   0x00000034   Code   RO          261    i.HAL_MspInit       stm32f4xx_hal_msp.o
    0x0800113c   0x0800113c   0x0000001a   Code   RO         1898    i.HAL_NVIC_EnableIRQ  stm32f4xx_hal_cortex.o
    0x08001156   0x08001156   0x00000002   PAD
    0x08001158   0x08001158   0x00000040   Code   RO         1904    i.HAL_NVIC_SetPriority  stm32f4xx_hal_cortex.o
    0x08001198   0x08001198   0x00000024   Code   RO         1905    i.HAL_NVIC_SetPriorityGrouping  stm32f4xx_hal_cortex.o
    0x080011bc   0x080011bc   0x00000060   Code   RO         1181    i.HAL_RCCEx_GetPeriphCLKFreq  stm32f4xx_hal_rcc_ex.o
    0x0800121c   0x0800121c   0x00000154   Code   RO         1182    i.HAL_RCCEx_PeriphCLKConfig  stm32f4xx_hal_rcc_ex.o
    0x08001370   0x08001370   0x00000134   Code   RO         1077    i.HAL_RCC_ClockConfig  stm32f4xx_hal_rcc.o
    0x080014a4   0x080014a4   0x00000020   Code   RO         1084    i.HAL_RCC_GetPCLK1Freq  stm32f4xx_hal_rcc.o
    0x080014c4   0x080014c4   0x00000060   Code   RO         1086    i.HAL_RCC_GetSysClockFreq  stm32f4xx_hal_rcc.o
    0x08001524   0x08001524   0x0000035c   Code   RO         1089    i.HAL_RCC_OscConfig  stm32f4xx_hal_rcc.o
    0x08001880   0x08001880   0x00000080   Code   RO         3017    i.HAL_SPI_Init      stm32f4xx_hal_spi.o
    0x08001900   0x08001900   0x0000006c   Code   RO          263    i.HAL_SPI_MspInit   stm32f4xx_hal_msp.o
    0x0800196c   0x0800196c   0x0000015c   Code   RO         3025    i.HAL_SPI_Transmit  stm32f4xx_hal_spi.o
    0x08001ac8   0x08001ac8   0x00000028   Code   RO         1909    i.HAL_SYSTICK_Config  stm32f4xx_hal_cortex.o
    0x08001af0   0x08001af0   0x00000278   Code   RO          618    i.HCD_HC_IN_IRQHandler  stm32f4xx_hal_hcd.o
    0x08001d68   0x08001d68   0x00000244   Code   RO          619    i.HCD_HC_OUT_IRQHandler  stm32f4xx_hal_hcd.o
    0x08001fac   0x08001fac   0x00000094   Code   RO          620    i.HCD_Port_IRQHandler  stm32f4xx_hal_hcd.o
    0x08002040   0x08002040   0x00000070   Code   RO          621    i.HCD_RXQLVL_IRQHandler  stm32f4xx_hal_hcd.o
    0x080020b0   0x080020b0   0x00000002   Code   RO          177    i.HardFault_Handler  stm32f4xx_it.o
    0x080020b2   0x080020b2   0x00000002   PAD
    0x080020b4   0x080020b4   0x00000060   Code   RO         2929    i.I2SEx_RxISR_I2SExt  stm32f4xx_hal_i2s_ex.o
    0x08002114   0x08002114   0x00000060   Code   RO         2930    i.I2SEx_TxISR_I2SExt  stm32f4xx_hal_i2s_ex.o
    0x08002174   0x08002174   0x000000f2   Code   RO         2769    i.I2S_IRQHandler    stm32f4xx_hal_i2s.o
    0x08002266   0x08002266   0x00000002   PAD
    0x08002268   0x08002268   0x00000014   Code   RO          570    i.MX_DriverVbusFS   usbh_platform.o
    0x0800227c   0x0800227c   0x00000134   Code   RO           14    i.MX_GPIO_Init      main.o
    0x080023b0   0x080023b0   0x00000044   Code   RO           15    i.MX_SPI1_Init      main.o
    0x080023f4   0x080023f4   0x00000040   Code   RO          317    i.MX_USB_HOST_Init  usb_host.o
    0x08002434   0x08002434   0x0000000c   Code   RO          318    i.MX_USB_HOST_Process  usb_host.o
    0x08002440   0x08002440   0x00000002   Code   RO          178    i.MemManage_Handler  stm32f4xx_it.o
    0x08002442   0x08002442   0x00000002   Code   RO          179    i.NMI_Handler       stm32f4xx_it.o
    0x08002444   0x08002444   0x0000000c   Code   RO          180    i.OTG_FS_IRQHandler  stm32f4xx_it.o
    0x08002450   0x08002450   0x00000002   Code   RO          181    i.PendSV_Handler    stm32f4xx_it.o
    0x08002452   0x08002452   0x00000002   PAD
    0x08002454   0x08002454   0x00000058   Code   RO         3055    i.SPI_EndRxTxTransaction  stm32f4xx_hal_spi.o
    0x080024ac   0x080024ac   0x00000094   Code   RO         3060    i.SPI_WaitFlagStateUntilTimeout  stm32f4xx_hal_spi.o
    0x08002540   0x08002540   0x00000002   Code   RO          182    i.SVC_Handler       stm32f4xx_it.o
    0x08002542   0x08002542   0x00000004   Code   RO          183    i.SysTick_Handler   stm32f4xx_it.o
    0x08002546   0x08002546   0x00000002   PAD
    0x08002548   0x08002548   0x000000b0   Code   RO           16    i.SystemClock_Config  main.o
    0x080025f8   0x080025f8   0x0000001c   Code   RO         3365    i.SystemInit        system_stm32f4xx.o
    0x08002614   0x08002614   0x00000038   Code   RO         3703    i.USBH_AllocPipe    usbh_pipes.o
    0x0800264c   0x0800264c   0x00000020   Code   RO         3631    i.USBH_BulkReceiveData  usbh_ioreq.o
    0x0800266c   0x0800266c   0x00000028   Code   RO         3632    i.USBH_BulkSendData  usbh_ioreq.o
    0x08002694   0x08002694   0x00000024   Code   RO         3748    i.USBH_CDC_ClassRequest  usbh_cdc.o
    0x080026b8   0x080026b8   0x0000005e   Code   RO         3751    i.USBH_CDC_InterfaceDeInit  usbh_cdc.o
    0x08002716   0x08002716   0x00000144   Code   RO         3752    i.USBH_CDC_InterfaceInit  usbh_cdc.o
    0x0800285a   0x0800285a   0x00000002   Code   RO         3753    i.USBH_CDC_LineCodingChanged  usbh_cdc.o
    0x0800285c   0x0800285c   0x000000b8   Code   RO         3754    i.USBH_CDC_Process  usbh_cdc.o
    0x08002914   0x08002914   0x00000002   Code   RO         3756    i.USBH_CDC_ReceiveCallback  usbh_cdc.o
    0x08002916   0x08002916   0x00000004   Code   RO         3757    i.USBH_CDC_SOFProcess  usbh_cdc.o
    0x0800291a   0x0800291a   0x00000002   Code   RO         3761    i.USBH_CDC_TransmitCallback  usbh_cdc.o
    0x0800291c   0x0800291c   0x0000000a   Code   RO         3704    i.USBH_ClosePipe    usbh_pipes.o
    0x08002926   0x08002926   0x0000001e   Code   RO         3537    i.USBH_ClrFeature   usbh_ctlreq.o
    0x08002944   0x08002944   0x0000001e   Code   RO         3633    i.USBH_CtlReceiveData  usbh_ioreq.o
    0x08002962   0x08002962   0x0000003a   Code   RO         3538    i.USBH_CtlReq       usbh_ctlreq.o
    0x0800299c   0x0800299c   0x00000028   Code   RO         3634    i.USBH_CtlSendData  usbh_ioreq.o
    0x080029c4   0x080029c4   0x0000001e   Code   RO         3635    i.USBH_CtlSendSetup  usbh_ioreq.o
    0x080029e2   0x080029e2   0x00000004   Code   RO          397    i.USBH_Delay        usbh_conf.o
    0x080029e6   0x080029e6   0x00000002   PAD
    0x080029e8   0x080029e8   0x00000044   Code   RO         3404    i.USBH_FindInterface  usbh_core.o
    0x08002a2c   0x08002a2c   0x00000018   Code   RO         3705    i.USBH_FreePipe     usbh_pipes.o
    0x08002a44   0x08002a44   0x00000034   Code   RO         3539    i.USBH_GetDescriptor  usbh_ctlreq.o
    0x08002a78   0x08002a78   0x0000000e   Code   RO         3540    i.USBH_GetNextDesc  usbh_ctlreq.o
    0x08002a86   0x08002a86   0x0000002c   Code   RO         3541    i.USBH_Get_CfgDesc  usbh_ctlreq.o
    0x08002ab2   0x08002ab2   0x00000090   Code   RO         3542    i.USBH_Get_DevDesc  usbh_ctlreq.o
    0x08002b42   0x08002b42   0x00000048   Code   RO         3543    i.USBH_Get_StringDesc  usbh_ctlreq.o
    0x08002b8a   0x08002b8a   0x00000018   Code   RO          398    i.USBH_Get_USB_Status  usbh_conf.o
    0x08002ba2   0x08002ba2   0x00000192   Code   RO         3544    i.USBH_HandleControl  usbh_ctlreq.o
    0x08002d34   0x08002d34   0x0000016a   Code   RO         3407    i.USBH_HandleEnum   usbh_core.o
    0x08002e9e   0x08002e9e   0x0000003e   Code   RO         3408    i.USBH_Init         usbh_core.o
    0x08002edc   0x08002edc   0x00000012   Code   RO          399    i.USBH_LL_ClosePipe  usbh_conf.o
    0x08002eee   0x08002eee   0x00000014   Code   RO         3410    i.USBH_LL_Connect   usbh_core.o
    0x08002f02   0x08002f02   0x0000002e   Code   RO         3411    i.USBH_LL_Disconnect  usbh_core.o
    0x08002f30   0x08002f30   0x0000001a   Code   RO          401    i.USBH_LL_DriverVBUS  usbh_conf.o
    0x08002f4a   0x08002f4a   0x00000008   Code   RO          402    i.USBH_LL_GetLastXferSize  usbh_conf.o
    0x08002f52   0x08002f52   0x00000022   Code   RO          403    i.USBH_LL_GetSpeed  usbh_conf.o
    0x08002f74   0x08002f74   0x00000008   Code   RO          405    i.USBH_LL_GetURBState  usbh_conf.o
    0x08002f7c   0x08002f7c   0x0000001e   Code   RO         3412    i.USBH_LL_IncTimer  usbh_core.o
    0x08002f9a   0x08002f9a   0x00000002   PAD
    0x08002f9c   0x08002f9c   0x00000050   Code   RO          406    i.USBH_LL_Init      usbh_conf.o
    0x08002fec   0x08002fec   0x0000001c   Code   RO          407    i.USBH_LL_OpenPipe  usbh_conf.o
    0x08003008   0x08003008   0x00000008   Code   RO         3413    i.USBH_LL_PortDisabled  usbh_core.o
    0x08003010   0x08003010   0x00000008   Code   RO         3414    i.USBH_LL_PortEnabled  usbh_core.o
    0x08003018   0x08003018   0x00000012   Code   RO          408    i.USBH_LL_ResetPort  usbh_conf.o
    0x0800302a   0x0800302a   0x00000006   Code   RO         3415    i.USBH_LL_SetTimer  usbh_core.o
    0x08003030   0x08003030   0x00000020   Code   RO          409    i.USBH_LL_SetToggle  usbh_conf.o
    0x08003050   0x08003050   0x00000012   Code   RO          410    i.USBH_LL_Start     usbh_conf.o
    0x08003062   0x08003062   0x00000012   Code   RO          411    i.USBH_LL_Stop      usbh_conf.o
    0x08003074   0x08003074   0x00000022   Code   RO          412    i.USBH_LL_SubmitURB  usbh_conf.o
    0x08003096   0x08003096   0x00000014   Code   RO         3706    i.USBH_OpenPipe     usbh_pipes.o
    0x080030aa   0x080030aa   0x000000dc   Code   RO         3545    i.USBH_ParseCfgDesc  usbh_ctlreq.o
    0x08003186   0x08003186   0x00000002   PAD
    0x08003188   0x08003188   0x00000228   Code   RO         3416    i.USBH_Process      usbh_core.o
    0x080033b0   0x080033b0   0x0000001c   Code   RO         3418    i.USBH_RegisterClass  usbh_core.o
    0x080033cc   0x080033cc   0x00000016   Code   RO         3419    i.USBH_SelectInterface  usbh_core.o
    0x080033e2   0x080033e2   0x0000001c   Code   RO         3546    i.USBH_SetAddress   usbh_ctlreq.o
    0x080033fe   0x080033fe   0x0000001c   Code   RO         3547    i.USBH_SetCfg       usbh_ctlreq.o
    0x0800341a   0x0800341a   0x0000001c   Code   RO         3548    i.USBH_SetFeature   usbh_ctlreq.o
    0x08003436   0x08003436   0x00000014   Code   RO         3420    i.USBH_Start        usbh_core.o
    0x0800344a   0x0800344a   0x00000002   PAD
    0x0800344c   0x0800344c   0x00000020   Code   RO          319    i.USBH_UserProcess  usb_host.o
    0x0800346c   0x0800346c   0x00000074   Code   RO          781    i.USB_CoreInit      stm32f4xx_ll_usb.o
    0x080034e0   0x080034e0   0x00000038   Code   RO          782    i.USB_CoreReset     stm32f4xx_ll_usb.o
    0x08003518   0x08003518   0x0000000c   Code   RO          789    i.USB_DisableGlobalInt  stm32f4xx_ll_usb.o
    0x08003524   0x08003524   0x00000024   Code   RO          790    i.USB_DoPing        stm32f4xx_ll_usb.o
    0x08003548   0x08003548   0x0000002c   Code   RO          791    i.USB_DriveVbus     stm32f4xx_ll_usb.o
    0x08003574   0x08003574   0x0000000c   Code   RO          797    i.USB_EnableGlobalInt  stm32f4xx_ll_usb.o
    0x08003580   0x08003580   0x00000020   Code   RO          798    i.USB_FlushRxFifo   stm32f4xx_ll_usb.o
    0x080035a0   0x080035a0   0x00000024   Code   RO          799    i.USB_FlushTxFifo   stm32f4xx_ll_usb.o
    0x080035c4   0x080035c4   0x00000008   Code   RO          800    i.USB_GetCurrentFrame  stm32f4xx_ll_usb.o
    0x080035cc   0x080035cc   0x0000000e   Code   RO          802    i.USB_GetHostSpeed  stm32f4xx_ll_usb.o
    0x080035da   0x080035da   0x00000008   Code   RO          803    i.USB_GetMode       stm32f4xx_ll_usb.o
    0x080035e2   0x080035e2   0x000000c2   Code   RO          804    i.USB_HC_Halt       stm32f4xx_ll_usb.o
    0x080036a4   0x080036a4   0x000000f0   Code   RO          805    i.USB_HC_Init       stm32f4xx_ll_usb.o
    0x08003794   0x08003794   0x00000008   Code   RO          806    i.USB_HC_ReadInterrupt  stm32f4xx_ll_usb.o
    0x0800379c   0x0800379c   0x00000150   Code   RO          807    i.USB_HC_StartXfer  stm32f4xx_ll_usb.o
    0x080038ec   0x080038ec   0x000000d8   Code   RO          808    i.USB_HostInit      stm32f4xx_ll_usb.o
    0x080039c4   0x080039c4   0x00000036   Code   RO          809    i.USB_InitFSLSPClkSel  stm32f4xx_ll_usb.o
    0x080039fa   0x080039fa   0x00000008   Code   RO          814    i.USB_ReadInterrupts  stm32f4xx_ll_usb.o
    0x08003a02   0x08003a02   0x0000001c   Code   RO          815    i.USB_ReadPacket    stm32f4xx_ll_usb.o
    0x08003a1e   0x08003a1e   0x00000032   Code   RO          816    i.USB_ResetPort     stm32f4xx_ll_usb.o
    0x08003a50   0x08003a50   0x0000002e   Code   RO          817    i.USB_SetCurrentMode  stm32f4xx_ll_usb.o
    0x08003a7e   0x08003a7e   0x00000002   PAD
    0x08003a80   0x08003a80   0x0000007e   Code   RO          822    i.USB_StopHost      stm32f4xx_ll_usb.o
    0x08003afe   0x08003afe   0x00000024   Code   RO          823    i.USB_WritePacket   stm32f4xx_ll_usb.o
    0x08003b22   0x08003b22   0x00000002   Code   RO          184    i.UsageFault_Handler  stm32f4xx_it.o
    0x08003b24   0x08003b24   0x00000020   Code   RO         1911    i.__NVIC_SetPriority  stm32f4xx_hal_cortex.o
    0x08003b44   0x08003b44   0x0000000e   Code   RO         3926    i.__scatterload_copy  mc_w.l(handlers.o)
    0x08003b52   0x08003b52   0x00000002   Code   RO         3927    i.__scatterload_null  mc_w.l(handlers.o)
    0x08003b54   0x08003b54   0x0000000e   Code   RO         3928    i.__scatterload_zeroinit  mc_w.l(handlers.o)
    0x08003b62   0x08003b62   0x00000002   PAD
    0x08003b64   0x08003b64   0x00000050   Code   RO         3872    i.free              mc_w.l(malloc.o)
    0x08003bb4   0x08003bb4   0x000000f4   Code   RO           17    i.main              main.o
    0x08003ca8   0x08003ca8   0x0000006c   Code   RO         3873    i.malloc            mc_w.l(malloc.o)
    0x08003d14   0x08003d14   0x00000010   Data   RO         3366    .constdata          system_stm32f4xx.o
    0x08003d24   0x08003d24   0x00000008   Data   RO         3367    .constdata          system_stm32f4xx.o
    0x08003d2c   0x08003d2c   0x00000004   Data   RO         3762    .conststring        usbh_cdc.o
    0x08003d30   0x08003d30   0x00000020   Data   RO         3924    Region$$Table       anon$$obj.o


    Execution Region RW_IRAM1 (Exec base: 0x20000000, Load base: 0x08003d50, Size: 0x00000e18, Max: 0x00020000, ABSOLUTE)

    Exec Addr    Load Addr    Size         Type   Attr      Idx    E Section Name        Object

    0x20000000   0x08003d50   0x00000001   Data   RW           19    .data               main.o
    0x20000001   0x08003d51   0x00000001   Data   RW          321    .data               usb_host.o
    0x20000002   0x08003d52   0x00000002   PAD
    0x20000004   0x08003d54   0x00000004   Data   RW          824    .data               stm32f4xx_ll_usb.o
    0x20000008   0x08003d58   0x0000000c   Data   RW         2055    .data               stm32f4xx_hal.o
    0x20000014   0x08003d64   0x00000004   Data   RW         3368    .data               system_stm32f4xx.o
    0x20000018   0x08003d68   0x00000020   Data   RW         3763    .data               usbh_cdc.o
    0x20000038   0x08003d88   0x00000004   Data   RW         3920    .data               mc_w.l(mvars.o)
    0x2000003c   0x08003d8c   0x00000004   Data   RW         3921    .data               mc_w.l(mvars.o)
    0x20000040        -       0x0000013c   Zero   RW           18    .bss                main.o
    0x2000017c        -       0x000003d8   Zero   RW          320    .bss                usb_host.o
    0x20000554        -       0x000002c4   Zero   RW          413    .bss                usbh_conf.o
    0x20000818        -       0x00000200   Zero   RW            2    HEAP                startup_stm32f411xe.o
    0x20000a18        -       0x00000400   Zero   RW            1    STACK               startup_stm32f411xe.o


==============================================================================

Image component sizes


      Code (inc. data)   RO Data    RW Data    ZI Data      Debug   Object Name

       800         82          0          1        316     406932   main.o
        36          8        408          0       1536        864   startup_stm32f411xe.o
       180         28          0         12          0       9505   stm32f4xx_hal.o
       198         14          0          0          0      34127   stm32f4xx_hal_cortex.o
       428         34          0          0          0       3121   stm32f4xx_hal_gpio.o
      2312          4          0          0          0      14277   stm32f4xx_hal_hcd.o
       392         16          0          0          0       3159   stm32f4xx_hal_i2c.o
       620         18          0          0          0       4365   stm32f4xx_hal_i2s.o
       694         24          0          0          0       3895   stm32f4xx_hal_i2s_ex.o
       532         56          0          0          0       3412   stm32f4xx_hal_msp.o
      1296         60          0          0          0       4781   stm32f4xx_hal_rcc.o
       436         48          0          0          0       2353   stm32f4xx_hal_rcc_ex.o
       712          8          0          0          0       4578   stm32f4xx_hal_spi.o
        32          6          0          0          0       4938   stm32f4xx_it.o
      1716         52          0          4          0      18897   stm32f4xx_ll_usb.o
        28          6         24          4          0       1247   system_stm32f4xx.o
       108         22          0          1        984      10186   usb_host.o
       888          6          4         32          0      13164   usbh_cdc.o
       544         16          0          0        708      14041   usbh_conf.o
      1312         20          0          0          0      11609   usbh_core.o
      1120         12          0          0          0      10986   usbh_ctlreq.o
       172          0          0          0          0       4536   usbh_ioreq.o
       110          0          0          0          0       3502   usbh_pipes.o
        20          4          0          0          0        574   usbh_platform.o

    ----------------------------------------------------------------------
     14716        544        468         56       3544     589049   Object Totals
         0          0         32          0          0          0   (incl. Generated)
        30          0          0          2          0          0   (incl. Padding)

    ----------------------------------------------------------------------

      Code (inc. data)   RO Data    RW Data    ZI Data      Debug   Library Member Name

         0          0          0          0          0          0   entry.o
         0          0          0          0          0          0   entry10a.o
         0          0          0          0          0          0   entry11a.o
         4          0          0          0          0          0   entry12b.o
         8          4          0          0          0          0   entry2.o
         4          0          0          0          0          0   entry5.o
         0          0          0          0          0          0   entry7b.o
         0          0          0          0          0          0   entry8b.o
         8          4          0          0          0          0   entry9a.o
        30          0          0          0          0          0   handlers.o
        36          8          0          0          0         68   init.o
        30          0          0          0          0         68   llshl.o
        32          0          0          0          0         68   llushr.o
       188         20          0          0          0        160   malloc.o
        36          0          0          0          0         68   memcpya.o
        36          0          0          0          0        108   memseta.o
         0          0          0          8          0          0   mvars.o
        98          0          0          0          0         92   uldiv.o

    ----------------------------------------------------------------------
       512         36          0          8          0        632   Library Totals
         2          0          0          0          0          0   (incl. Padding)

    ----------------------------------------------------------------------

      Code (inc. data)   RO Data    RW Data    ZI Data      Debug   Library Name

       510         36          0          8          0        632   mc_w.l

    ----------------------------------------------------------------------
       512         36          0          8          0        632   Library Totals

    ----------------------------------------------------------------------

==============================================================================


      Code (inc. data)   RO Data    RW Data    ZI Data      Debug   

     15228        580        468         64       3544     574125   Grand Totals
     15228        580        468         64       3544     574125   ELF Image Totals
     15228        580        468         64          0          0   ROM Totals

==============================================================================

    Total RO  Size (Code + RO Data)                15696 (  15.33kB)
    Total RW  Size (RW Data + ZI Data)              3608 (   3.52kB)
    Total ROM Size (Code + RO Data + RW Data)      15760 (  15.39kB)

==============================================================================

